Archive member included to satisfy reference by file (symbol)

c:/program files/microchip/xc32/v4.21/bin/bin/../../lib/gcc/pic32mx/8.3.1\libgcc.a(_udivdi3.o)
                              build/default/production/main.o (__udivdi3)
c:/program files/microchip/xc32/v4.21/bin/bin/../../lib/gcc/pic32mx/8.3.1/../../../../pic32mx/lib\libpic32.a(strcpy.o)
                              build/default/production/main.o (strcpy)
c:/program files/microchip/xc32/v4.21/bin/bin/../../lib/gcc/pic32mx/8.3.1/../../../../pic32mx/lib\libpic32.a(strlen.o)
                              build/default/production/main.o (strlen)
c:/program files/microchip/xc32/v4.21/bin/bin/../../lib/gcc/pic32mx/8.3.1/../../../../pic32mx/lib\libpic32.a(default-bootstrap-exception-handler.o)
                              C:\Users\noaba\AppData\Local\Temp\cczXMTU4.o (_bootstrap_exception_handler)
c:/program files/microchip/xc32/v4.21/bin/bin/../../lib/gcc/pic32mx/8.3.1/../../../../pic32mx/lib\libpic32.a(default-on-reset.o)
                              C:\Users\noaba\AppData\Local\Temp\cczXMTU4.o (_on_reset)
c:/program files/microchip/xc32/v4.21/bin/bin/../../lib/gcc/pic32mx/8.3.1/../../../../pic32mx/lib\libpic32.a(default-on-bootstrap.o)
                              C:\Users\noaba\AppData\Local\Temp\cczXMTU4.o (_on_bootstrap)
c:/program files/microchip/xc32/v4.21/bin/bin/../../lib/gcc/pic32mx/8.3.1/../../../../pic32mx/lib\libpic32.a(default-nmi-handler.o)
                              C:\Users\noaba\AppData\Local\Temp\cczXMTU4.o (_nmi_handler)
c:/program files/microchip/xc32/v4.21/bin/bin/../../lib/gcc/pic32mx/8.3.1/../../../../pic32mx/lib\libpic32.a(pic32_data_init_wrapper.o)
                              C:\Users\noaba\AppData\Local\Temp\cczXMTU4.o (__pic32_data_init)
c:/program files/microchip/xc32/v4.21/bin/bin/../../lib/gcc/pic32mx/8.3.1/../../../../pic32mx/lib\libpic32.a(pic32_data_init_0_1.o)
                              (__copy_needed)
c:/program files/microchip/xc32/v4.21/bin/bin/../../lib/gcc/pic32mx/8.3.1/../../../../pic32mx/lib\libpic32.a(general-exception.o)
                              C:\Users\noaba\AppData\Local\Temp\cczXMTU4.o (_general_exception_context)
c:/program files/microchip/xc32/v4.21/bin/bin/../../lib/gcc/pic32mx/8.3.1/../../../../pic32mx/lib\libpic32.a(vector0.o)
                              C:\Users\noaba\AppData\Local\Temp\ccdevPwF.o (__vector_dispatch_0)
c:/program files/microchip/xc32/v4.21/bin/bin/../../lib/gcc/pic32mx/8.3.1/../../../../pic32mx/lib\libpic32.a(vector1.o)
                              C:\Users\noaba\AppData\Local\Temp\ccdevPwF.o (__vector_dispatch_1)
c:/program files/microchip/xc32/v4.21/bin/bin/../../lib/gcc/pic32mx/8.3.1/../../../../pic32mx/lib\libpic32.a(vector2.o)
                              C:\Users\noaba\AppData\Local\Temp\ccdevPwF.o (__vector_dispatch_2)
c:/program files/microchip/xc32/v4.21/bin/bin/../../lib/gcc/pic32mx/8.3.1/../../../../pic32mx/lib\libpic32.a(vector3.o)
                              C:\Users\noaba\AppData\Local\Temp\ccdevPwF.o (__vector_dispatch_3)
c:/program files/microchip/xc32/v4.21/bin/bin/../../lib/gcc/pic32mx/8.3.1/../../../../pic32mx/lib\libpic32.a(vector5.o)
                              C:\Users\noaba\AppData\Local\Temp\ccdevPwF.o (__vector_dispatch_5)
c:/program files/microchip/xc32/v4.21/bin/bin/../../lib/gcc/pic32mx/8.3.1/../../../../pic32mx/lib\libpic32.a(vector6.o)
                              C:\Users\noaba\AppData\Local\Temp\ccdevPwF.o (__vector_dispatch_6)
c:/program files/microchip/xc32/v4.21/bin/bin/../../lib/gcc/pic32mx/8.3.1/../../../../pic32mx/lib\libpic32.a(vector7.o)
                              C:\Users\noaba\AppData\Local\Temp\ccdevPwF.o (__vector_dispatch_7)
c:/program files/microchip/xc32/v4.21/bin/bin/../../lib/gcc/pic32mx/8.3.1/../../../../pic32mx/lib\libpic32.a(vector8.o)
                              C:\Users\noaba\AppData\Local\Temp\ccdevPwF.o (__vector_dispatch_8)
c:/program files/microchip/xc32/v4.21/bin/bin/../../lib/gcc/pic32mx/8.3.1/../../../../pic32mx/lib\libpic32.a(vector9.o)
                              C:\Users\noaba\AppData\Local\Temp\ccdevPwF.o (__vector_dispatch_9)
c:/program files/microchip/xc32/v4.21/bin/bin/../../lib/gcc/pic32mx/8.3.1/../../../../pic32mx/lib\libpic32.a(vector10.o)
                              C:\Users\noaba\AppData\Local\Temp\ccdevPwF.o (__vector_dispatch_10)
c:/program files/microchip/xc32/v4.21/bin/bin/../../lib/gcc/pic32mx/8.3.1/../../../../pic32mx/lib\libpic32.a(vector11.o)
                              C:\Users\noaba\AppData\Local\Temp\ccdevPwF.o (__vector_dispatch_11)
c:/program files/microchip/xc32/v4.21/bin/bin/../../lib/gcc/pic32mx/8.3.1/../../../../pic32mx/lib\libpic32.a(vector12.o)
                              C:\Users\noaba\AppData\Local\Temp\ccdevPwF.o (__vector_dispatch_12)
c:/program files/microchip/xc32/v4.21/bin/bin/../../lib/gcc/pic32mx/8.3.1/../../../../pic32mx/lib\libpic32.a(vector13.o)
                              C:\Users\noaba\AppData\Local\Temp\ccdevPwF.o (__vector_dispatch_13)
[...]
Memory Configuration

Name             Origin             Length             Attributes
kseg0_program_mem 0x000000009d000000 0x0000000000080000 xr
kseg0_boot_mem   0x000000009fc00490 0x0000000000000970
exception_mem    0x000000009fc01000 0x0000000000001000
kseg1_boot_mem   0x00000000bfc00000 0x0000000000000490
debug_exec_mem   0x00000000bfc02000 0x0000000000000ff0
config3          0x00000000bfc02ff0 0x0000000000000004
config2          0x00000000bfc02ff4 0x0000000000000004
config1          0x00000000bfc02ff8 0x0000000000000004
config0          0x00000000bfc02ffc 0x0000000000000004
kseg1_data_mem   0x00000000a0000000 0x0000000000020000 w !x
sfrs             0x00000000bf800000 0x0000000000100000
configsfrs       0x00000000bfc02ff0 0x0000000000000010
*default*        0x0000000000000000 0xffffffffffffffff

Linker script and memory map

LOAD c:/program files/microchip/xc32/v4.21/bin/bin/../../lib/gcc/pic32mx/8.3.1/../../../../pic32mx/lib\debug-exception-return.o
LOAD build/default/production/main.o
LOAD build/default/production/btn.o
LOAD build/default/production/led.o
LOAD build/default/production/rgbled.o
LOAD build/default/production/swt.o
LOAD build/default/production/utils.o
LOAD build/default/production/lcd.o
LOAD build/default/production/ssd.o
                0x0000000000000001                __MPLAB_BUILD = 0x1
LOAD C:\Users\noaba\AppData\Local\Temp\cczXMTU4.o
LOAD C:\Users\noaba\AppData\Local\Temp\ccVYTJ0B.o
LOAD C:\Users\noaba\AppData\Local\Temp\ccdevPwF.o
LOAD c:/program files/microchip/xc32/v4.21/bin/bin/../../lib/gcc/pic32mx/8.3.1/../../../../pic32mx/lib\pic32_software_reset.o
LOAD c:/program files/microchip/xc32/v4.21/bin/bin/../../lib/gcc/pic32mx/8.3.1\libgcc.a
START GROUP
LOAD c:/program files/microchip/xc32/v4.21/bin/bin/../../lib/gcc/pic32mx/8.3.1/../../../../pic32mx/lib\libpic32.a
LOAD c:/program files/microchip/xc32/v4.21/bin/bin/../../lib/gcc/pic32mx/8.3.1/../../../../pic32mx/lib\libdebug.a
LOAD c:/program files/microchip/xc32/v4.21/bin/bin/../../lib/gcc/pic32mx/8.3.1/../../../../pic32mx/lib\libc-musl.a
LOAD c:/program files/microchip/xc32/v4.21/bin/bin/../../lib/gcc/pic32mx/8.3.1/../../../../pic32mx/lib\libm.a
LOAD c:/program files/microchip/xc32/v4.21/bin/bin/../../lib/gcc/pic32mx/8.3.1/../../../../pic32mx/lib\libe.a
LOAD c:/program files/microchip/xc32/v4.21/bin/bin/../../lib/gcc/pic32mx/8.3.1/../../../../pic32mx/lib\libm-musl.a
LOAD c:/program files/microchip/xc32/v4.21/bin/bin/../../lib/gcc/pic32mx/8.3.1/../../../../pic32mx/lib\libdsp.a
LOAD c:/program files/microchip/xc32/v4.21/bin/bin/../../lib/gcc/pic32mx/8.3.1\libgcc.a
END GROUP
LOAD c:/program files/microchip/xc32/v4.21/bin/bin/../../lib/gcc/pic32mx/8.3.1\libgcc.a
                0x0000000000000400                PROVIDE (_min_stack_size = 0x400)
START GROUP
LOAD libmchp_peripheral.a
END GROUP
START GROUP
LOAD libmchp_peripheral_32MX370F512L.a
END GROUP
                0x0000000000000001                PROVIDE (_vector_spacing = 0x1)
                0x000000009fc01000                PROVIDE (_ebase_address = 0x9fc01000)
                0x00000000bfc00000                _RESET_ADDR = 0xbfc00000
                0x00000000bfc00380                _BEV_EXCPT_ADDR = 0xbfc00380
                0x00000000bfc00480                _DBG_EXCPT_ADDR = 0xbfc00480
                0x00000000bfc02000                _DBG_CODE_ADDR = 0xbfc02000
                0x0000000000000ff0                _DBG_CODE_SIZE = 0xff0
                0x000000009fc01180                _GEN_EXCPT_ADDR = (_ebase_address + 0x180)

.config_BFC02FF0
 *(.config_BFC02FF0)

.config_BFC02FF4
                0x00000000bfc02ff4        0x4
 *(.config_BFC02FF4)
 .config_BFC02FF4
                0x00000000bfc02ff4        0x4 build/default/production/main.o
                0x00000000bfc02ff4                __config_BFC02FF4

.config_BFC02FF8
                0x00000000bfc02ff8        0x4
 *(.config_BFC02FF8)
 .config_BFC02FF8
                0x00000000bfc02ff8        0x4 build/default/production/main.o
                0x00000000bfc02ff8                __config_BFC02FF8

.config_BFC02FFC
                0x00000000bfc02ffc        0x4
 *(.config_BFC02FFC)
 .config_BFC02FFC
                0x00000000bfc02ffc        0x4 build/default/production/main.o
                0x00000000bfc02ffc                __config_BFC02FFC

.reset          0x00000000bfc00000      0x19c
 *(.reset)
 .reset         0x00000000bfc00000        0x8 C:\Users\noaba\AppData\Local\Temp\cczXMTU4.o
                0x00000000bfc00000                _reset
 *(.reset.startup)
 .reset.startup
                0x00000000bfc00008      0x194 C:\Users\noaba\AppData\Local\Temp\cczXMTU4.o
                0x00000000bfc00008                _startup

.bev_excpt      0x00000000bfc00380       0x10
 *(.bev_handler)
 .bev_handler   0x00000000bfc00380       0x10 C:\Users\noaba\AppData\Local\Temp\cczXMTU4.o

.dbg_excpt      0x00000000bfc00480        0x0
                0x00000000bfc00480                . = (. + DEFINED (_DEBUGGER)?0x8:0x0)

.dbg_code       0x00000000bfc02000        0x0
                0x00000000bfc02000                . = (. + DEFINED (_DEBUGGER)?_DBG_CODE_SIZE:0x0)

.app_excpt      0x000000009fc01180       0x10
 *(.gen_handler)
 .gen_handler   0x000000009fc01180       0x10 C:\Users\noaba\AppData\Local\Temp\cczXMTU4.o

.vector_0       0x000000009fc01200        0x8
 *(.vector_0)
 .vector_0      0x000000009fc01200        0x8 c:/program files/microchip/xc32/v4.21/bin/bin/../../lib/gcc/pic32mx/8.3.1/../../../../pic32mx/lib\libpic32.a(vector0.o)
                0x000000009fc01200                __vector_dispatch_0
                0x0000000000000001                ASSERT (((_vector_spacing == 0x0) || (SIZEOF (.vector_0) <= (_vector_spacing << 0x5))), function at exception vector 0 too large)

.vector_1       0x000000009fc01220        0x8
 *(.vector_1)
 .vector_1      0x000000009fc01220        0x8 c:/program files/microchip/xc32/v4.21/bin/bin/../../lib/gcc/pic32mx/8.3.1/../../../../pic32mx/lib\libpic32.a(vector1.o)
                0x000000009fc01220                __vector_dispatch_1
                0x0000000000000001                ASSERT (((_vector_spacing == 0x0) || (SIZEOF (.vector_1) <= (_vector_spacing << 0x5))), function at exception vector 1 too large)

.vector_2       0x000000009fc01240        0x8
 *(.vector_2)
 .vector_2      0x000000009fc01240        0x8 c:/program files/microchip/xc32/v4.21/bin/bin/../../lib/gcc/pic32mx/8.3.1/../../../../pic32mx/lib\libpic32.a(vector2.o)
                0x000000009fc01240                __vector_dispatch_2
                0x0000000000000001                ASSERT (((_vector_spacing == 0x0) || (SIZEOF (.vector_2) <= (_vector_spacing << 0x5))), function at exception vector 2 too large)

.vector_3       0x000000009fc01260        0x8
 *(.vector_3)
 .vector_3      0x000000009fc01260        0x8 c:/program files/microchip/xc32/v4.21/bin/bin/../../lib/gcc/pic32mx/8.3.1/../../../../pic32mx/lib\libpic32.a(vector3.o)
                0x000000009fc01260                __vector_dispatch_3
                0x0000000000000001                ASSERT (((_vector_spacing == 0x0) || (SIZEOF (.vector_3) <= (_vector_spacing << 0x5))), function at exception vector 3 too large)

.vector_4       0x000000009fc01280        0x8
 *(.vector_4)
 .vector_4      0x000000009fc01280        0x8 build/default/production/ssd.o
                0x000000009fc01280                __vector_dispatch_4
                0x0000000000000001                ASSERT (((_vector_spacing == 0x0) || (SIZEOF (.vector_4) <= (_vector_spacing << 0x5))), function at exception vector 4 too large)

.vector_5       0x000000009fc012a0        0x8
 *(.vector_5)
 .vector_5      0x000000009fc012a0        0x8 c:/program files/microchip/xc32/v4.21/bin/bin/../../lib/gcc/pic32mx/8.3.1/../../../../pic32mx/lib\libpic32.a(vector5.o)
                0x000000009fc012a0                __vector_dispatch_5
                0x0000000000000001                ASSERT (((_vector_spacing == 0x0) || (SIZEOF (.vector_5) <= (_vector_spacing << 0x5))), function at exception vector 5 too large)

.vector_6       0x000000009fc012c0        0x8
 *(.vector_6)
 .vector_6      0x000000009fc012c0        0x8 c:/program files/microchip/xc32/v4.21/bin/bin/../../lib/gcc/pic32mx/8.3.1/../../../../pic32mx/lib\libpic32.a(vector6.o)
                0x000000009fc012c0                __vector_dispatch_6
                0x0000000000000001                ASSERT (((_vector_spacing == 0x0) || (SIZEOF (.vector_6) <= (_vector_spacing << 0x5))), function at exception vector 6 too large)

.vector_7       0x000000009fc012e0        0x8
 *(.vector_7)
 .vector_7      0x000000009fc012e0        0x8 c:/program files/microchip/xc32/v4.21/bin/bin/../../lib/gcc/pic32mx/8.3.1/../../../../pic32mx/lib\libpic32.a(vector7.o)
                0x000000009fc012e0                __vector_dispatch_7
                0x0000000000000001                ASSERT (((_vector_spacing == 0x0) || (SIZEOF (.vector_7) <= (_vector_spacing << 0x5))), function at exception vector 7 too large)

.vector_8       0x000000009fc01300        0x8
 *(.vector_8)
 .vector_8      0x000000009fc01300        0x8 c:/program files/microchip/xc32/v4.21/bin/bin/../../lib/gcc/pic32mx/8.3.1/../../../../pic32mx/lib\libpic32.a(vector8.o)
                0x000000009fc01300                __vector_dispatch_8
                0x0000000000000001                ASSERT (((_vector_spacing == 0x0) || (SIZEOF (.vector_8) <= (_vector_spacing << 0x5))), function at exception vector 8 too large)

.vector_9       0x000000009fc01320        0x8
 *(.vector_9)
 .vector_9      0x000000009fc01320        0x8 c:/program files/microchip/xc32/v4.21/bin/bin/../../lib/gcc/pic32mx/8.3.1/../../../../pic32mx/lib\libpic32.a(vector9.o)
                0x000000009fc01320                __vector_dispatch_9
                0x0000000000000001                ASSERT (((_vector_spacing == 0x0) || (SIZEOF (.vector_9) <= (_vector_spacing << 0x5))), function at exception vector 9 too large)

.vector_10      0x000000009fc01340        0x8
 *(.vector_10)
 .vector_10     0x000000009fc01340        0x8 c:/program files/microchip/xc32/v4.21/bin/bin/../../lib/gcc/pic32mx/8.3.1/../../../../pic32mx/lib\libpic32.a(vector10.o)
                0x000000009fc01340                __vector_dispatch_10
                0x0000000000000001                ASSERT (((_vector_spacing == 0x0) || (SIZEOF (.vector_10) <= (_vector_spacing << 0x5))), function at exception vector 10 too large)

.vector_11      0x000000009fc01360        0x8
 *(.vector_11)
 .vector_11     0x000000009fc01360        0x8 c:/program files/microchip/xc32/v4.21/bin/bin/../../lib/gcc/pic32mx/8.3.1/../../../../pic32mx/lib\libpic32.a(vector11.o)
                0x000000009fc01360                __vector_dispatch_11
                0x0000000000000001                ASSERT (((_vector_spacing == 0x0) || (SIZEOF (.vector_11) <= (_vector_spacing << 0x5))), function at exception vector 11 too large)

.vector_12      0x000000009fc01380        0x8
 *(.vector_12)
 .vector_12     0x000000009fc01380        0x8 c:/program files/microchip/xc32/v4.21/bin/bin/../../lib/gcc/pic32mx/8.3.1/../../../../pic32mx/lib\libpic32.a(vector12.o)
                0x000000009fc01380                __vector_dispatch_12
                0x0000000000000001                ASSERT (((_vector_spacing == 0x0) || (SIZEOF (.vector_12) <= (_vector_spacing << 0x5))), function at exception vector 12 too large)

.vector_13      0x000000009fc013a0        0x8
 *(.vector_13)
 .vector_13     0x000000009fc013a0        0x8 c:/program files/microchip/xc32/v4.21/bin/bin/../../lib/gcc/pic32mx/8.3.1/../../../../pic32mx/lib\libpic32.a(vector13.o)
                0x000000009fc013a0                __vector_dispatch_13
                0x0000000000000001                ASSERT (((_vector_spacing == 0x0) || (SIZEOF (.vector_13) <= (_vector_spacing << 0x5))), function at exception vector 13 too large)

.vector_14      0x000000009fc013c0        0x8
 *(.vector_14)
 .vector_14     0x000000009fc013c0        0x8 c:/program files/microchip/xc32/v4.21/bin/bin/../../lib/gcc/pic32mx/8.3.1/../../../../pic32mx/lib\libpic32.a(vector14.o)
                0x000000009fc013c0                __vector_dispatch_14
                0x0000000000000001                ASSERT (((_vector_spacing == 0x0) || (SIZEOF (.vector_14) <= (_vector_spacing << 0x5))), function at exception vector 14 too large)

.vector_15      0x000000009fc013e0        0x8
 *(.vector_15)
 .vector_15     0x000000009fc013e0        0x8 c:/program files/microchip/xc32/v4.21/bin/bin/../../lib/gcc/pic32mx/8.3.1/../../../../pic32mx/lib\libpic32.a(vector15.o)
                0x000000009fc013e0                __vector_dispatch_15
                0x0000000000000001                ASSERT (((_vector_spacing == 0x0) || (SIZEOF (.vector_15) <= (_vector_spacing << 0x5))), function at exception vector 15 too large)

.vector_16      0x000000009fc01400        0x8
 *(.vector_16)
 .vector_16     0x000000009fc01400        0x8 c:/program files/microchip/xc32/v4.21/bin/bin/../../lib/gcc/pic32mx/8.3.1/../../../../pic32mx/lib\libpic32.a(vector16.o)
                0x000000009fc01400                __vector_dispatch_16
                0x0000000000000001                ASSERT (((_vector_spacing == 0x0) || (SIZEOF (.vector_16) <= (_vector_spacing << 0x5))), function at exception vector 16 too large)

.vector_17      0x000000009fc01420        0x8
 *(.vector_17)
 .vector_17     0x000000009fc01420        0x8 c:/program files/microchip/xc32/v4.21/bin/bin/../../lib/gcc/pic32mx/8.3.1/../../../../pic32mx/lib\libpic32.a(vector17.o)
                0x000000009fc01420                __vector_dispatch_17
                0x0000000000000001                ASSERT (((_vector_spacing == 0x0) || (SIZEOF (.vector_17) <= (_vector_spacing << 0x5))), function at exception vector 17 too large)

.vector_18      0x000000009fc01440        0x8
 *(.vector_18)
 .vector_18     0x000000009fc01440        0x8 c:/program files/microchip/xc32/v4.21/bin/bin/../../lib/gcc/pic32mx/8.3.1/../../../../pic32mx/lib\libpic32.a(vector18.o)
                0x000000009fc01440                __vector_dispatch_18
                0x0000000000000001                ASSERT (((_vector_spacing == 0x0) || (SIZEOF (.vector_18) <= (_vector_spacing << 0x5))), function at exception vector 18 too large)

.vector_19      0x000000009fc01460        0x8
 *(.vector_19)
 .vector_19     0x000000009fc01460        0x8 c:/program files/microchip/xc32/v4.21/bin/bin/../../lib/gcc/pic32mx/8.3.1/../../../../pic32mx/lib\libpic32.a(vector19.o)
                0x000000009fc01460                __vector_dispatch_19
                0x0000000000000001                ASSERT (((_vector_spacing == 0x0) || (SIZEOF (.vector_19) <= (_vector_spacing << 0x5))), function at exception vector 19 too large)

.vector_20      0x000000009fc01480        0x8
 *(.vector_20)
 .vector_20     0x000000009fc01480        0x8 build/default/production/rgbled.o
                0x000000009fc01480                __vector_dispatch_20
                0x0000000000000001                ASSERT (((_vector_spacing == 0x0) || (SIZEOF (.vector_20) <= (_vector_spacing << 0x5))), function at exception vector 20 too large)

.vector_21      0x000000009fc014a0        0x8
 *(.vector_21)
 .vector_21     0x000000009fc014a0        0x8 c:/program files/microchip/xc32/v4.21/bin/bin/../../lib/gcc/pic32mx/8.3.1/../../../../pic32mx/lib\libpic32.a(vector21.o)
                0x000000009fc014a0                __vector_dispatch_21
                0x0000000000000001                ASSERT (((_vector_spacing == 0x0) || (SIZEOF (.vector_21) <= (_vector_spacing << 0x5))), function at exception vector 21 too large)

.vector_22      0x000000009fc014c0        0x8
 *(.vector_22)
 .vector_22     0x000000009fc014c0        0x8 c:/program files/microchip/xc32/v4.21/bin/bin/../../lib/gcc/pic32mx/8.3.1/../../../../pic32mx/lib\libpic32.a(vector22.o)
                0x000000009fc014c0                __vector_dispatch_22
                0x0000000000000001                ASSERT (((_vector_spacing == 0x0) || (SIZEOF (.vector_22) <= (_vector_spacing << 0x5))), function at exception vector 22 too large)

.vector_23      0x000000009fc014e0        0x8
 *(.vector_23)
 .vector_23     0x000000009fc014e0        0x8 c:/program files/microchip/xc32/v4.21/bin/bin/../../lib/gcc/pic32mx/8.3.1/../../../../pic32mx/lib\libpic32.a(vector23.o)
                0x000000009fc014e0                __vector_dispatch_23
                0x0000000000000001                ASSERT (((_vector_spacing == 0x0) || (SIZEOF (.vector_23) <= (_vector_spacing << 0x5))), function at exception vector 23 too large)

.vector_24      0x000000009fc01500        0x8
 *(.vector_24)
 .vector_24     0x000000009fc01500        0x8 c:/program files/microchip/xc32/v4.21/bin/bin/../../lib/gcc/pic32mx/8.3.1/../../../../pic32mx/lib\libpic32.a(vector24.o)
                0x000000009fc01500                __vector_dispatch_24
                0x0000000000000001                ASSERT (((_vector_spacing == 0x0) || (SIZEOF (.vector_24) <= (_vector_spacing << 0x5))), function at exception vector 24 too large)

.vector_25      0x000000009fc01520        0x8
 *(.vector_25)
 .vector_25     0x000000009fc01520        0x8 c:/program files/microchip/xc32/v4.21/bin/bin/../../lib/gcc/pic32mx/8.3.1/../../../../pic32mx/lib\libpic32.a(vector25.o)
                0x000000009fc01520                __vector_dispatch_25
                0x0000000000000001                ASSERT (((_vector_spacing == 0x0) || (SIZEOF (.vector_25) <= (_vector_spacing << 0x5))), function at exception vector 25 too large)

.vector_26      0x000000009fc01540        0x8
 *(.vector_26)
 .vector_26     0x000000009fc01540        0x8 c:/program files/microchip/xc32/v4.21/bin/bin/../../lib/gcc/pic32mx/8.3.1/../../../../pic32mx/lib\libpic32.a(vector26.o)
                0x000000009fc01540                __vector_dispatch_26
                0x0000000000000001                ASSERT (((_vector_spacing == 0x0) || (SIZEOF (.vector_26) <= (_vector_spacing << 0x5))), function at exception vector 26 too large)

.vector_27      0x000000009fc01560        0x8
 *(.vector_27)
 .vector_27     0x000000009fc01560        0x8 c:/program files/microchip/xc32/v4.21/bin/bin/../../lib/gcc/pic32mx/8.3.1/../../../../pic32mx/lib\libpic32.a(vector27.o)
                0x000000009fc01560                __vector_dispatch_27
                0x0000000000000001                ASSERT (((_vector_spacing == 0x0) || (SIZEOF (.vector_27) <= (_vector_spacing << 0x5))), function at exception vector 27 too large)

.vector_28      0x000000009fc01580        0x8
 *(.vector_28)
 .vector_28     0x000000009fc01580        0x8 c:/program files/microchip/xc32/v4.21/bin/bin/../../lib/gcc/pic32mx/8.3.1/../../../../pic32mx/lib\libpic32.a(vector28.o)
                0x000000009fc01580                __vector_dispatch_28
                0x0000000000000001                ASSERT (((_vector_spacing == 0x0) || (SIZEOF (.vector_28) <= (_vector_spacing << 0x5))), function at exception vector 28 too large)

.vector_29      0x000000009fc015a0        0x8
 *(.vector_29)
 .vector_29     0x000000009fc015a0        0x8 c:/program files/microchip/xc32/v4.21/bin/bin/../../lib/gcc/pic32mx/8.3.1/../../../../pic32mx/lib\libpic32.a(vector29.o)
                0x000000009fc015a0                __vector_dispatch_29
                0x0000000000000001                ASSERT (((_vector_spacing == 0x0) || (SIZEOF (.vector_29) <= (_vector_spacing << 0x5))), function at exception vector 29 too large)

.vector_30      0x000000009fc015c0        0x8
 *(.vector_30)
 .vector_30     0x000000009fc015c0        0x8 c:/program files/microchip/xc32/v4.21/bin/bin/../../lib/gcc/pic32mx/8.3.1/../../../../pic32mx/lib\libpic32.a(vector30.o)
                0x000000009fc015c0                __vector_dispatch_30
                0x0000000000000001                ASSERT (((_vector_spacing == 0x0) || (SIZEOF (.vector_30) <= (_vector_spacing << 0x5))), function at exception vector 30 too large)

.vector_31      0x000000009fc015e0        0x8
 *(.vector_31)
 .vector_31     0x000000009fc015e0        0x8 c:/program files/microchip/xc32/v4.21/bin/bin/../../lib/gcc/pic32mx/8.3.1/../../../../pic32mx/lib\libpic32.a(vector31.o)
                0x000000009fc015e0                __vector_dispatch_31
                0x0000000000000001                ASSERT (((_vector_spacing == 0x0) || (SIZEOF (.vector_31) <= (_vector_spacing << 0x5))), function at exception vector 31 too large)

.vector_32      0x000000009fc01600        0x8
 *(.vector_32)
 .vector_32     0x000000009fc01600        0x8 c:/program files/microchip/xc32/v4.21/bin/bin/../../lib/gcc/pic32mx/8.3.1/../../../../pic32mx/lib\libpic32.a(vector32.o)
                0x000000009fc01600                __vector_dispatch_32
                0x0000000000000001                ASSERT (((_vector_spacing == 0x0) || (SIZEOF (.vector_32) <= (_vector_spacing << 0x5))), function at exception vector 32 too large)

.vector_33      0x000000009fc01620        0x8
 *(.vector_33)
 .vector_33     0x000000009fc01620        0x8 c:/program files/microchip/xc32/v4.21/bin/bin/../../lib/gcc/pic32mx/8.3.1/../../../../pic32mx/lib\libpic32.a(vector33.o)
                0x000000009fc01620                __vector_dispatch_33
                0x0000000000000001                ASSERT (((_vector_spacing == 0x0) || (SIZEOF (.vector_33) <= (_vector_spacing << 0x5))), function at exception vector 33 too large)

.vector_34      0x000000009fc01640        0x8
 *(.vector_34)
 .vector_34     0x000000009fc01640        0x8 c:/program files/microchip/xc32/v4.21/bin/bin/../../lib/gcc/pic32mx/8.3.1/../../../../pic32mx/lib\libpic32.a(vector34.o)
                0x000000009fc01640                __vector_dispatch_34
                0x0000000000000001                ASSERT (((_vector_spacing == 0x0) || (SIZEOF (.vector_34) <= (_vector_spacing << 0x5))), function at exception vector 34 too large)

.vector_35      0x000000009fc01660        0x8
 *(.vector_35)
 .vector_35     0x000000009fc01660        0x8 c:/program files/microchip/xc32/v4.21/bin/bin/../../lib/gcc/pic32mx/8.3.1/../../../../pic32mx/lib\libpic32.a(vector35.o)
                0x000000009fc01660                __vector_dispatch_35
                0x0000000000000001                ASSERT (((_vector_spacing == 0x0) || (SIZEOF (.vector_35) <= (_vector_spacing << 0x5))), function at exception vector 35 too large)

.vector_36      0x000000009fc01680        0x8
 *(.vector_36)
 .vector_36     0x000000009fc01680        0x8 c:/program files/microchip/xc32/v4.21/bin/bin/../../lib/gcc/pic32mx/8.3.1/../../../../pic32mx/lib\libpic32.a(vector36.o)
                0x000000009fc01680                __vector_dispatch_36
                0x0000000000000001                ASSERT (((_vector_spacing == 0x0) || (SIZEOF (.vector_36) <= (_vector_spacing << 0x5))), function at exception vector 36 too large)

.vector_37      0x000000009fc016a0        0x8
 *(.vector_37)
 .vector_37     0x000000009fc016a0        0x8 c:/program files/microchip/xc32/v4.21/bin/bin/../../lib/gcc/pic32mx/8.3.1/../../../../pic32mx/lib\libpic32.a(vector37.o)
                0x000000009fc016a0                __vector_dispatch_37
                0x0000000000000001                ASSERT (((_vector_spacing == 0x0) || (SIZEOF (.vector_37) <= (_vector_spacing << 0x5))), function at exception vector 37 too large)

.vector_38      0x000000009fc016c0        0x8
 *(.vector_38)
 .vector_38     0x000000009fc016c0        0x8 c:/program files/microchip/xc32/v4.21/bin/bin/../../lib/gcc/pic32mx/8.3.1/../../../../pic32mx/lib\libpic32.a(vector38.o)
                0x000000009fc016c0                __vector_dispatch_38
                0x0000000000000001                ASSERT (((_vector_spacing == 0x0) || (SIZEOF (.vector_38) <= (_vector_spacing << 0x5))), function at exception vector 38 too large)

.vector_39      0x000000009fc016e0        0x8
 *(.vector_39)
 .vector_39     0x000000009fc016e0        0x8 c:/program files/microchip/xc32/v4.21/bin/bin/../../lib/gcc/pic32mx/8.3.1/../../../../pic32mx/lib\libpic32.a(vector39.o)
                0x000000009fc016e0                __vector_dispatch_39
                0x0000000000000001                ASSERT (((_vector_spacing == 0x0) || (SIZEOF (.vector_39) <= (_vector_spacing << 0x5))), function at exception vector 39 too large)

.vector_40      0x000000009fc01700        0x8
 *(.vector_40)
 .vector_40     0x000000009fc01700        0x8 c:/program files/microchip/xc32/v4.21/bin/bin/../../lib/gcc/pic32mx/8.3.1/../../../../pic32mx/lib\libpic32.a(vector40.o)
                0x000000009fc01700                __vector_dispatch_40
                0x0000000000000001                ASSERT (((_vector_spacing == 0x0) || (SIZEOF (.vector_40) <= (_vector_spacing << 0x5))), function at exception vector 40 too large)

.vector_41      0x000000009fc01720        0x8
 *(.vector_41)
 .vector_41     0x000000009fc01720        0x8 c:/program files/microchip/xc32/v4.21/bin/bin/../../lib/gcc/pic32mx/8.3.1/../../../../pic32mx/lib\libpic32.a(vector41.o)
                0x000000009fc01720                __vector_dispatch_41
                0x0000000000000001                ASSERT (((_vector_spacing == 0x0) || (SIZEOF (.vector_41) <= (_vector_spacing << 0x5))), function at exception vector 41 too large)

.vector_42      0x000000009fc01740        0x8
 *(.vector_42)
 .vector_42     0x000000009fc01740        0x8 c:/program files/microchip/xc32/v4.21/bin/bin/../../lib/gcc/pic32mx/8.3.1/../../../../pic32mx/lib\libpic32.a(vector42.o)
                0x000000009fc01740                __vector_dispatch_42
                0x0000000000000001                ASSERT (((_vector_spacing == 0x0) || (SIZEOF (.vector_42) <= (_vector_spacing << 0x5))), function at exception vector 42 too large)

.vector_43      0x000000009fc01760        0x8
 *(.vector_43)
 .vector_43     0x000000009fc01760        0x8 c:/program files/microchip/xc32/v4.21/bin/bin/../../lib/gcc/pic32mx/8.3.1/../../../../pic32mx/lib\libpic32.a(vector43.o)
                0x000000009fc01760                __vector_dispatch_43
                0x0000000000000001                ASSERT (((_vector_spacing == 0x0) || (SIZEOF (.vector_43) <= (_vector_spacing << 0x5))), function at exception vector 43 too large)

.vector_44      0x000000009fc01780        0x8
 *(.vector_44)
 .vector_44     0x000000009fc01780        0x8 c:/program files/microchip/xc32/v4.21/bin/bin/../../lib/gcc/pic32mx/8.3.1/../../../../pic32mx/lib\libpic32.a(vector44.o)
                0x000000009fc01780                __vector_dispatch_44
                0x0000000000000001                ASSERT (((_vector_spacing == 0x0) || (SIZEOF (.vector_44) <= (_vector_spacing << 0x5))), function at exception vector 44 too large)

.vector_45      0x000000009fc017a0        0x8
 *(.vector_45)
 .vector_45     0x000000009fc017a0        0x8 c:/program files/microchip/xc32/v4.21/bin/bin/../../lib/gcc/pic32mx/8.3.1/../../../../pic32mx/lib\libpic32.a(vector45.o)
                0x000000009fc017a0                __vector_dispatch_45
                0x0000000000000001                ASSERT (((_vector_spacing == 0x0) || (SIZEOF (.vector_45) <= (_vector_spacing << 0x5))), function at exception vector 45 too large)

.vector_46      0x000000009fc017c0        0x0
 *(.vector_46)
                0x0000000000000001                ASSERT (((_vector_spacing == 0x0) || (SIZEOF (.vector_46) <= (_vector_spacing << 0x5))), function at exception vector 46 too large)

.vector_47      0x000000009fc017e0        0x0
 *(.vector_47)
                0x0000000000000001                ASSERT (((_vector_spacing == 0x0) || (SIZEOF (.vector_47) <= (_vector_spacing << 0x5))), function at exception vector 47 too large)

.vector_48      0x000000009fc01800        0x0
 *(.vector_48)
                0x0000000000000001                ASSERT (((_vector_spacing == 0x0) || (SIZEOF (.vector_48) <= (_vector_spacing << 0x5))), function at exception vector 48 too large)

.vector_49      0x000000009fc01820        0x0
 *(.vector_49)
                0x0000000000000001                ASSERT (((_vector_spacing == 0x0) || (SIZEOF (.vector_49) <= (_vector_spacing << 0x5))), function at exception vector 49 too large)

.vector_50      0x000000009fc01840        0x0
 *(.vector_50)
                0x0000000000000001                ASSERT (((_vector_spacing == 0x0) || (SIZEOF (.vector_50) <= (_vector_spacing << 0x5))), function at exception vector 50 too large)

.vector_51      0x000000009fc01860        0x0
 *(.vector_51)
                0x0000000000000001                ASSERT (((_vector_spacing == 0x0) || (SIZEOF (.vector_51) <= (_vector_spacing << 0x5))), function at exception vector 51 too large)

.vector_52      0x000000009fc01880        0x0
 *(.vector_52)
                0x0000000000000001                ASSERT (((_vector_spacing == 0x0) || (SIZEOF (.vector_52) <= (_vector_spacing << 0x5))), function at exception vector 52 too large)

.vector_53      0x000000009fc018a0        0x0
 *(.vector_53)
                0x0000000000000001                ASSERT (((_vector_spacing == 0x0) || (SIZEOF (.vector_53) <= (_vector_spacing << 0x5))), function at exception vector 53 too large)

.vector_54      0x000000009fc018c0        0x0
 *(.vector_54)
                0x0000000000000001                ASSERT (((_vector_spacing == 0x0) || (SIZEOF (.vector_54) <= (_vector_spacing << 0x5))), function at exception vector 54 too large)

.vector_55      0x000000009fc018e0        0x0
 *(.vector_55)
                0x0000000000000001                ASSERT (((_vector_spacing == 0x0) || (SIZEOF (.vector_55) <= (_vector_spacing << 0x5))), function at exception vector 55 too large)

.vector_56      0x000000009fc01900        0x0
 *(.vector_56)
                0x0000000000000001                ASSERT (((_vector_spacing == 0x0) || (SIZEOF (.vector_56) <= (_vector_spacing << 0x5))), function at exception vector 56 too large)

.vector_57      0x000000009fc01920        0x0
 *(.vector_57)
                0x0000000000000001                ASSERT (((_vector_spacing == 0x0) || (SIZEOF (.vector_57) <= (_vector_spacing << 0x5))), function at exception vector 57 too large)

.vector_58      0x000000009fc01940        0x0
 *(.vector_58)
                0x0000000000000001                ASSERT (((_vector_spacing == 0x0) || (SIZEOF (.vector_58) <= (_vector_spacing << 0x5))), function at exception vector 58 too large)

.vector_59      0x000000009fc01960        0x0
 *(.vector_59)
                0x0000000000000001                ASSERT (((_vector_spacing == 0x0) || (SIZEOF (.vector_59) <= (_vector_spacing << 0x5))), function at exception vector 59 too large)

.vector_60      0x000000009fc01980        0x0
 *(.vector_60)
                0x0000000000000001                ASSERT (((_vector_spacing == 0x0) || (SIZEOF (.vector_60) <= (_vector_spacing << 0x5))), function at exception vector 60 too large)

.vector_61      0x000000009fc019a0        0x0
 *(.vector_61)
                0x0000000000000001                ASSERT (((_vector_spacing == 0x0) || (SIZEOF (.vector_61) <= (_vector_spacing << 0x5))), function at exception vector 61 too large)

.vector_62      0x000000009fc019c0        0x0
 *(.vector_62)
                0x0000000000000001                ASSERT (((_vector_spacing == 0x0) || (SIZEOF (.vector_62) <= (_vector_spacing << 0x5))), function at exception vector 62 too large)

.vector_63      0x000000009fc019e0        0x0
 *(.vector_63)
                0x0000000000000001                ASSERT (((_vector_spacing == 0x0) || (SIZEOF (.vector_63) <= (_vector_spacing << 0x5))), function at exception vector 63 too large)

.startup
 *(.startup)

.text           0x000000009d000000        0x0
 *(.stub .gnu.linkonce.t.*)
 *(.text.*personality*)
 *(.mips16.fn.*)
 *(.mips16.call.*)
 *(.gnu.warning)
                0x000000009d000000                . = ALIGN (0x4)

.init           0x000000009d000000        0x0
 *crti.o(.init)
 *crtbegin.o(.init)
 *(EXCLUDE_FILE(*crtn.o *crtend?.o *crtend.o) .init)
 *crtend.o(.init)
 *crtn.o(.init)
                0x000000009d000000                . = ALIGN (0x4)

.fini           0x000000009d000000        0x0
 *(.fini)
                0x000000009d000000                . = ALIGN (0x4)

.preinit_array  0x000000009d000000        0x0
                [!provide]                        PROVIDE (__preinit_array_start = .)
 *(.preinit_array)
                [!provide]                        PROVIDE (__preinit_array_end = .)
                0x000000009d000000                . = ALIGN (0x4)

.init_array     0x000000009d000000        0x0
                [!provide]                        PROVIDE (__init_array_start = .)
 *(SORT_BY_NAME(.init_array.*))
 *(.init_array)
                [!provide]                        PROVIDE (__init_array_end = .)
                0x000000009d000000                . = ALIGN (0x4)

.fini_array     0x000000009d000000        0x0
                [!provide]                        PROVIDE (__fini_array_start = .)
 *(SORT_BY_NAME(.fini_array.*))
 *(.fini_array)
                [!provide]                        PROVIDE (__fini_array_end = .)
                0x000000009d000000                . = ALIGN (0x4)

.ctors          0x000000009d000000        0x0
 *crtbegin.o(.ctors)
 *crtbegin?.o(.ctors)
 *(EXCLUDE_FILE(*crtend?.o *crtend.o) .ctors)
 *(SORT_BY_NAME(.ctors.*))
 *(.ctors)
                0x000000009d000000                . = ALIGN (0x4)

.dtors          0x000000009d000000        0x0
 *crtbegin.o(.dtors)
 *crtbegin?.o(.dtors)
 *(EXCLUDE_FILE(*crtend?.o *crtend.o) .dtors)
 *(SORT_BY_NAME(.dtors.*))
 *(.dtors)
                0x000000009d000000                . = ALIGN (0x4)

.rodata         0x000000009d000000        0x0
 *(.gnu.linkonce.r.*)
 *(.rodata1)
                0x000000009d000000                . = ALIGN (0x4)

.sdata2         0x000000009d000000        0x0
 *(.sdata2 .sdata2.* .gnu.linkonce.s2.*)
                0x000000009d000000                . = ALIGN (0x4)

.sbss2          0x000000009d000000        0x0
 *(.sbss2 .sbss2.* .gnu.linkonce.sb2.*)
                0x000000009d000000                . = ALIGN (0x4)

.eh_frame_hdr
 *(.eh_frame_hdr)
                0x000000009d000000                . = ALIGN (0x4)

.eh_frame
 *(.eh_frame)
                0x000000009d000000                . = ALIGN (0x4)

.gcc_except_table
 *(.gcc_except_table .gcc_except_table.*)
                0x000000009d000000                . = ALIGN (0x4)

.dbg_data       0x00000000a0000000        0x0
                0x00000000a0000000                . = (. + DEFINED (_DEBUGGER)?0x200:0x0)

.jcr            0x00000000a0000000        0x0
 *(.jcr)
                0x00000000a0000000                . = ALIGN (0x4)

.eh_frame
 *(.eh_frame)
                0x00000000a0000000                . = ALIGN (0x4)

.gcc_except_table
 *(.gcc_except_table .gcc_except_table.*)
                0x00000000a0000000                . = ALIGN (0x4)

.persist        0x00000000a0000000        0x0
                0x00000000a0000000                _persist_begin = .
 *(.persist .persist.*)
                0x00000000a0000000                . = ALIGN (0x4)
                0x00000000a0000000                _persist_end = .

.data           0x00000000a0000000        0x0
 *(.gnu.linkonce.d.*)
 *(.data1)
                0x00000000a0000000                . = ALIGN (0x4)
                0x00000000a0000000                . = .
                0x00000000a0007ff0                _gp = (ALIGN (0x10) + 0x7ff0)

.got            0x00000000a0000000        0x0
 *(.got.plt)
 *(.got)
                0x00000000a0000000                . = ALIGN (0x4)

.sdata          0x00000000a0000000        0xc
                0x00000000a0000000                _sdata_begin = .
 *(.sdata .sdata.* .gnu.linkonce.s.*)
 .sdata         0x00000000a0000000        0xc build/default/production/main.o
                0x00000000a0000000                fib_size
                0x00000000a0000004                timer_size
                0x00000000a0000008                ready_to_irq
                0x00000000a000000c                . = ALIGN (0x4)
                0x00000000a000000c                _sdata_end = .

.lit8
 *(.lit8)

.lit4
 *(.lit4)
                0x00000000a000000c                . = ALIGN (0x4)
                0x00000000a000000c                _data_end = .
                0x00000000a000000c                _bss_begin = .

.sbss           0x00000000a000000c       0x70
                0x00000000a000000c                _sbss_begin = .
 *(.dynsbss)
 *(.sbss .sbss.* .gnu.linkonce.sb.*)
 *fill*         0x00000000a000000c        0x4 
 .sbss          0x00000000a0000010       0x58 build/default/production/main.o
                0x00000000a000001c                pause_btnl
                0x00000000a0000020                single
                0x00000000a0000024                reg
                0x00000000a0000028                curr_memory
                0x00000000a000002c                fib_flag
                0x00000000a0000030                reti_count
                0x00000000a0000034                btnl_pressed
                0x00000000a0000038                btnr_pressed
                0x00000000a000003c                btnd_pressed
                0x00000000a0000040                btnu_pressed
                0x00000000a0000044                btnc_pressed
                0x00000000a0000048                clk32
                0x00000000a000004c                clk32_prev
                0x00000000a0000050                clk64_msb
                0x00000000a0000058                clk64
                0x00000000a0000060                seconds
 .sbss          0x00000000a0000068        0xa build/default/production/rgbled.o
                0x00000000a0000068                bColR
                0x00000000a0000069                bColG
                0x00000000a000006a                bColB
 *fill*         0x00000000a0000072        0x2 
 .sbss          0x00000000a0000074        0x5 build/default/production/ssd.o
                0x00000000a0000074                digits
 *(.scommon)
                0x00000000a0000079                _sbss_end = .
                0x00000000a000007c                . = ALIGN (0x4)
 *fill*         0x00000000a0000079        0x3 

.bss            0x00000000a000007c        0x0
 *(.dynbss)
 *(COMMON)
                0x00000000a000007c                . = ALIGN ((. != 0x0)?0x4:0x1)
                0x00000000a000007c                . = ALIGN (0x4)
                0x00000000a000007c                _end = .
                0x00000000a000007c                _bss_end = .
                0x0000000000020000                _bmxdudba_address = LENGTH (kseg1_data_mem)
                0x0000000000020000                _bmxdupba_address = LENGTH (kseg1_data_mem)

/DISCARD/
 *(.pdr)
 *(.rel.dyn)
 *(.note.GNU-stack)
 *(.note.GNU-stack)
 *(.gnu_debuglink)
 *(.gnu.lto_*)
 *(.discard)

.gptab.sdata
 *(.gptab.data)
 *(.gptab.sdata)

.gptab.sbss
 *(.gptab.bss)
 *(.gptab.sbss)

.mdebug.abi32   0x0000000000000000        0x0
 *(.mdebug.abi32)
 .mdebug.abi32  0x0000000000000000        0x0 build/default/production/main.o
 .mdebug.abi32  0x0000000000000000        0x0 build/default/production/btn.o
 .mdebug.abi32  0x0000000000000000        0x0 build/default/production/led.o
 .mdebug.abi32  0x0000000000000000        0x0 build/default/production/rgbled.o
 .mdebug.abi32  0x0000000000000000        0x0 build/default/production/swt.o
 .mdebug.abi32  0x0000000000000000        0x0 build/default/production/utils.o
 .mdebug.abi32  0x0000000000000000        0x0 build/default/production/lcd.o
 .mdebug.abi32  0x0000000000000000        0x0 build/default/production/ssd.o
 .mdebug.abi32  0x0000000000000000        0x0 c:/program files/microchip/xc32/v4.21/bin/bin/../../lib/gcc/pic32mx/8.3.1\libgcc.a(_udivdi3.o)
 .mdebug.abi32  0x0000000000000000        0x0 c:/program files/microchip/xc32/v4.21/bin/bin/../../lib/gcc/pic32mx/8.3.1/../../../../pic32mx/lib\libpic32.a(default-bootstrap-exception-handler.o)
 .mdebug.abi32  0x0000000000000000        0x0 c:/program files/microchip/xc32/v4.21/bin/bin/../../lib/gcc/pic32mx/8.3.1/../../../../pic32mx/lib\libpic32.a(default-on-reset.o)
 .mdebug.abi32  0x0000000000000000        0x0 c:/program files/microchip/xc32/v4.21/bin/bin/../../lib/gcc/pic32mx/8.3.1/../../../../pic32mx/lib\libpic32.a(default-on-bootstrap.o)
 .mdebug.abi32  0x0000000000000000        0x0 c:/program files/microchip/xc32/v4.21/bin/bin/../../lib/gcc/pic32mx/8.3.1/../../../../pic32mx/lib\libpic32.a(default-general-exception-handler.o)
 .mdebug.abi32  0x0000000000000000        0x0 c:/program files/microchip/xc32/v4.21/bin/bin/../../lib/gcc/pic32mx/8.3.1/../../../../pic32mx/lib\libpic32.a(defaultinterrupt.o)
 .mdebug.abi32  0x0000000000000000        0x0 c:/program files/microchip/xc32/v4.21/bin/bin/../../lib/gcc/pic32mx/8.3.1/../../../../pic32mx/lib\libc-musl.a(__sio_sprintf_dosux.o)
 .mdebug.abi32  0x0000000000000000        0x0 c:/program files/microchip/xc32/v4.21/bin/bin/../../lib/gcc/pic32mx/8.3.1/../../../../pic32mx/lib\libc-musl.a(__sio_sprintf_doux.o)
 .mdebug.abi32  0x0000000000000000        0x0 c:/program files/microchip/xc32/v4.21/bin/bin/../../lib/gcc/pic32mx/8.3.1/../../../../pic32mx/lib\libc-musl.a(__fmt_d.o)
 .mdebug.abi32  0x0000000000000000        0x0 c:/program files/microchip/xc32/v4.21/bin/bin/../../lib/gcc/pic32mx/8.3.1/../../../../pic32mx/lib\libc-musl.a(__fmt_o.o)
 .mdebug.abi32  0x0000000000000000        0x0 c:/program files/microchip/xc32/v4.21/bin/bin/../../lib/gcc/pic32mx/8.3.1/../../../../pic32mx/lib\libc-musl.a(__fmt_s.o)
 .mdebug.abi32  0x0000000000000000        0x0 c:/program files/microchip/xc32/v4.21/bin/bin/../../lib/gcc/pic32mx/8.3.1/../../../../pic32mx/lib\libc-musl.a(__fmt_u.o)
 .mdebug.abi32  0x0000000000000000        0x0 c:/program files/microchip/xc32/v4.21/bin/bin/../../lib/gcc/pic32mx/8.3.1/../../../../pic32mx/lib\libc-musl.a(__fmt_x.o)
 .mdebug.abi32  0x0000000000000000        0x0 c:/program files/microchip/xc32/v4.21/bin/bin/../../lib/gcc/pic32mx/8.3.1/../../../../pic32mx/lib\libc-musl.a(__pop_int.o)
 .mdebug.abi32  0x0000000000000000        0x0 c:/program files/microchip/xc32/v4.21/bin/bin/../../lib/gcc/pic32mx/8.3.1/../../../../pic32mx/lib\libc-musl.a(__pop_ptr.o)
 .mdebug.abi32  0x0000000000000000        0x0 c:/program files/microchip/xc32/v4.21/bin/bin/../../lib/gcc/pic32mx/8.3.1/../../../../pic32mx/lib\libc-musl.a(__printf_core.o)
 .mdebug.abi32  0x0000000000000000        0x0 c:/program files/microchip/xc32/v4.21/bin/bin/../../lib/gcc/pic32mx/8.3.1/../../../../pic32mx/lib\libc-musl.a(atoi.o)
 .mdebug.abi32  0x0000000000000000        0x0 c:/program files/microchip/xc32/v4.21/bin/bin/../../lib/gcc/pic32mx/8.3.1/../../../../pic32mx/lib\libc-musl.a(strtol.o)
 .mdebug.abi32  0x0000000000000000        0x0 c:/program files/microchip/xc32/v4.21/bin/bin/../../lib/gcc/pic32mx/8.3.1/../../../../pic32mx/lib\libc-musl.a(memcpy.o)
 .mdebug.abi32  0x0000000000000000        0x0 c:/program files/microchip/xc32/v4.21/bin/bin/../../lib/gcc/pic32mx/8.3.1/../../../../pic32mx/lib\libc-musl.a(memset.o)
 .mdebug.abi32  0x0000000000000000        0x0 c:/program files/microchip/xc32/v4.21/bin/bin/../../lib/gcc/pic32mx/8.3.1/../../../../pic32mx/lib\libc-musl.a(strncpy.o)
 .mdebug.abi32  0x0000000000000000        0x0 c:/program files/microchip/xc32/v4.21/bin/bin/../../lib/gcc/pic32mx/8.3.1/../../../../pic32mx/lib\libc-musl.a(tolower.o)
 .mdebug.abi32  0x0000000000000000        0x0 c:/program files/microchip/xc32/v4.21/bin/bin/../../lib/gcc/pic32mx/8.3.1/../../../../pic32mx/lib\libc-musl.a(toupper.o)
 .mdebug.abi32  0x0000000000000000        0x0 c:/program files/microchip/xc32/v4.21/bin/bin/../../lib/gcc/pic32mx/8.3.1/../../../../pic32mx/lib\libc-musl.a(intscan.o)
 .mdebug.abi32  0x0000000000000000        0x0 c:/program files/microchip/xc32/v4.21/bin/bin/../../lib/gcc/pic32mx/8.3.1/../../../../pic32mx/lib\libc-musl.a(shgetc.o)
 .mdebug.abi32  0x0000000000000000        0x0 c:/program files/microchip/xc32/v4.21/bin/bin/../../lib/gcc/pic32mx/8.3.1/../../../../pic32mx/lib\libc-musl.a(__int_vsprintf.o)
 .mdebug.abi32  0x0000000000000000        0x0 c:/program files/microchip/xc32/v4.21/bin/bin/../../lib/gcc/pic32mx/8.3.1/../../../../pic32mx/lib\libc-musl.a(__uflow.o)
 .mdebug.abi32  0x0000000000000000        0x0 c:/program files/microchip/xc32/v4.21/bin/bin/../../lib/gcc/pic32mx/8.3.1/../../../../pic32mx/lib\libc-musl.a(__pop_float.o)
 .mdebug.abi32  0x0000000000000000        0x0 c:/program files/microchip/xc32/v4.21/bin/bin/../../lib/gcc/pic32mx/8.3.1/../../../../pic32mx/lib\libc-musl.a(stpncpy.o)
 .mdebug.abi32  0x0000000000000000        0x0 c:/program files/microchip/xc32/v4.21/bin/bin/../../lib/gcc/pic32mx/8.3.1/../../../../pic32mx/lib\libc-musl.a(__int_vsnprintf.o)
 .mdebug.abi32  0x0000000000000000        0x0 c:/program files/microchip/xc32/v4.21/bin/bin/../../lib/gcc/pic32mx/8.3.1/../../../../pic32mx/lib\libc-musl.a(__toread.o)
 .mdebug.abi32  0x0000000000000000        0x0 c:/program files/microchip/xc32/v4.21/bin/bin/../../lib/gcc/pic32mx/8.3.1/../../../../pic32mx/lib\libc-musl.a(__stdio_exit.o)
 .mdebug.abi32  0x0000000000000000        0x0 c:/program files/microchip/xc32/v4.21/bin/bin/../../lib/gcc/pic32mx/8.3.1/../../../../pic32mx/lib\libc-musl.a(__int_vfprintf.o)
 .mdebug.abi32  0x0000000000000000        0x0 c:/program files/microchip/xc32/v4.21/bin/bin/../../lib/gcc/pic32mx/8.3.1\libgcc.a(_lshrdi3.o)
 .mdebug.abi32  0x0000000000000000        0x0 c:/program files/microchip/xc32/v4.21/bin/bin/../../lib/gcc/pic32mx/8.3.1\libgcc.a(_ashldi3.o)
 .mdebug.abi32  0x0000000000000000        0x0 c:/program files/microchip/xc32/v4.21/bin/bin/../../lib/gcc/pic32mx/8.3.1\libgcc.a(_umoddi3.o)
 .mdebug.abi32  0x0000000000000000        0x0 c:/program files/microchip/xc32/v4.21/bin/bin/../../lib/gcc/pic32mx/8.3.1/../../../../pic32mx/lib\libpic32.a(errno.o)

.mdebug.abiN32
 *(.mdebug.abiN32)

.mdebug.abi64
 *(.mdebug.abi64)

.mdebug.abiO64
 *(.mdebug.abiO64)

.mdebug.eabi32
 *(.mdebug.eabi32)

.mdebug.eabi64
 *(.mdebug.eabi64)

.gcc_compiled_long32
 *(.gcc_compiled_long32)

.gcc_compiled_long64
 *(.gcc_compiled_long64)

.stab
 *(.stab)

.stabstr
 *(.stabstr)

.stab.excl
 *(.stab.excl)

.stab.exclstr
 *(.stab.exclstr)

.stab.index
 *(.stab.index)

.stab.indexstr
 *(.stab.indexstr)

.comment        0x0000000000000000       0x5d
 *(.comment)
 .comment       0x0000000000000000       0x2b build/default/production/main.o
                                         0x2c (size before relaxing)
 .comment       0x000000000000002b       0x2c build/default/production/btn.o
 .comment       0x000000000000002b       0x2c build/default/production/led.o
 .comment       0x000000000000002b       0x2c build/default/production/rgbled.o
 .comment       0x000000000000002b       0x2c build/default/production/swt.o
 .comment       0x000000000000002b       0x2c build/default/production/utils.o
 .comment       0x000000000000002b       0x2c build/default/production/lcd.o
 .comment       0x000000000000002b       0x2c build/default/production/ssd.o
 .comment       0x000000000000002b       0x2c c:/program files/microchip/xc32/v4.21/bin/bin/../../lib/gcc/pic32mx/8.3.1\libgcc.a(_udivdi3.o)
 .comment       0x000000000000002b       0x19 c:/program files/microchip/xc32/v4.21/bin/bin/../../lib/gcc/pic32mx/8.3.1/../../../../pic32mx/lib\libpic32.a(strcpy.o)
                                         0x1a (size before relaxing)
 .comment       0x0000000000000044       0x19 c:/program files/microchip/xc32/v4.21/bin/bin/../../lib/gcc/pic32mx/8.3.1/../../../../pic32mx/lib\libpic32.a(strlen.o)
                                         0x1a (size before relaxing)
 .comment       0x000000000000005d       0x2c c:/program files/microchip/xc32/v4.21/bin/bin/../../lib/gcc/pic32mx/8.3.1/../../../../pic32mx/lib\libpic32.a(default-bootstrap-exception-handler.o)
 .comment       0x000000000000005d       0x2c c:/program files/microchip/xc32/v4.21/bin/bin/../../lib/gcc/pic32mx/8.3.1/../../../../pic32mx/lib\libpic32.a(default-on-reset.o)
 .comment       0x000000000000005d       0x2c c:/program files/microchip/xc32/v4.21/bin/bin/../../lib/gcc/pic32mx/8.3.1/../../../../pic32mx/lib\libpic32.a(default-on-bootstrap.o)
 .comment       0x000000000000005d       0x2c c:/program files/microchip/xc32/v4.21/bin/bin/../../lib/gcc/pic32mx/8.3.1/../../../../pic32mx/lib\libpic32.a(default-general-exception-handler.o)
 .comment       0x000000000000005d       0x2c c:/program files/microchip/xc32/v4.21/bin/bin/../../lib/gcc/pic32mx/8.3.1/../../../../pic32mx/lib\libpic32.a(defaultinterrupt.o)
 .comment       0x000000000000005d       0x2c c:/program files/microchip/xc32/v4.21/bin/bin/../../lib/gcc/pic32mx/8.3.1/../../../../pic32mx/lib\libc-musl.a(__sio_sprintf_dosux.o)
 .comment       0x000000000000005d       0x2c c:/program files/microchip/xc32/v4.21/bin/bin/../../lib/gcc/pic32mx/8.3.1/../../../../pic32mx/lib\libc-musl.a(__sio_sprintf_doux.o)
 .comment       0x000000000000005d       0x2c c:/program files/microchip/xc32/v4.21/bin/bin/../../lib/gcc/pic32mx/8.3.1/../../../../pic32mx/lib\libc-musl.a(__fmt_d.o)
 .comment       0x000000000000005d       0x2c c:/program files/microchip/xc32/v4.21/bin/bin/../../lib/gcc/pic32mx/8.3.1/../../../../pic32mx/lib\libc-musl.a(__fmt_o.o)
 .comment       0x000000000000005d       0x2c c:/program files/microchip/xc32/v4.21/bin/bin/../../lib/gcc/pic32mx/8.3.1/../../../../pic32mx/lib\libc-musl.a(__fmt_s.o)
 .comment       0x000000000000005d       0x2c c:/program files/microchip/xc32/v4.21/bin/bin/../../lib/gcc/pic32mx/8.3.1/../../../../pic32mx/lib\libc-musl.a(__fmt_u.o)
 .comment       0x000000000000005d       0x2c c:/program files/microchip/xc32/v4.21/bin/bin/../../lib/gcc/pic32mx/8.3.1/../../../../pic32mx/lib\libc-musl.a(__fmt_x.o)
 .comment       0x000000000000005d       0x2c c:/program files/microchip/xc32/v4.21/bin/bin/../../lib/gcc/pic32mx/8.3.1/../../../../pic32mx/lib\libc-musl.a(__pop_int.o)
 .comment       0x000000000000005d       0x2c c:/program files/microchip/xc32/v4.21/bin/bin/../../lib/gcc/pic32mx/8.3.1/../../../../pic32mx/lib\libc-musl.a(__pop_ptr.o)
 .comment       0x000000000000005d       0x2c c:/program files/microchip/xc32/v4.21/bin/bin/../../lib/gcc/pic32mx/8.3.1/../../../../pic32mx/lib\libc-musl.a(__printf_core.o)
 .comment       0x000000000000005d       0x2c c:/program files/microchip/xc32/v4.21/bin/bin/../../lib/gcc/pic32mx/8.3.1/../../../../pic32mx/lib\libc-musl.a(atoi.o)
 .comment       0x000000000000005d       0x2c c:/program files/microchip/xc32/v4.21/bin/bin/../../lib/gcc/pic32mx/8.3.1/../../../../pic32mx/lib\libc-musl.a(strtol.o)
 .comment       0x000000000000005d       0x2c c:/program files/microchip/xc32/v4.21/bin/bin/../../lib/gcc/pic32mx/8.3.1/../../../../pic32mx/lib\libc-musl.a(memcpy.o)
 .comment       0x000000000000005d       0x2c c:/program files/microchip/xc32/v4.21/bin/bin/../../lib/gcc/pic32mx/8.3.1/../../../../pic32mx/lib\libc-musl.a(memset.o)
 .comment       0x000000000000005d       0x2c c:/program files/microchip/xc32/v4.21/bin/bin/../../lib/gcc/pic32mx/8.3.1/../../../../pic32mx/lib\libc-musl.a(strncpy.o)
 .comment       0x000000000000005d       0x2c c:/program files/microchip/xc32/v4.21/bin/bin/../../lib/gcc/pic32mx/8.3.1/../../../../pic32mx/lib\libc-musl.a(tolower.o)
 .comment       0x000000000000005d       0x2c c:/program files/microchip/xc32/v4.21/bin/bin/../../lib/gcc/pic32mx/8.3.1/../../../../pic32mx/lib\libc-musl.a(toupper.o)
 .comment       0x000000000000005d       0x2c c:/program files/microchip/xc32/v4.21/bin/bin/../../lib/gcc/pic32mx/8.3.1/../../../../pic32mx/lib\libc-musl.a(intscan.o)
 .comment       0x000000000000005d       0x2c c:/program files/microchip/xc32/v4.21/bin/bin/../../lib/gcc/pic32mx/8.3.1/../../../../pic32mx/lib\libc-musl.a(shgetc.o)
 .comment       0x000000000000005d       0x2c c:/program files/microchip/xc32/v4.21/bin/bin/../../lib/gcc/pic32mx/8.3.1/../../../../pic32mx/lib\libc-musl.a(__int_vsprintf.o)
 .comment       0x000000000000005d       0x2c c:/program files/microchip/xc32/v4.21/bin/bin/../../lib/gcc/pic32mx/8.3.1/../../../../pic32mx/lib\libc-musl.a(__uflow.o)
 .comment       0x000000000000005d       0x2c c:/program files/microchip/xc32/v4.21/bin/bin/../../lib/gcc/pic32mx/8.3.1/../../../../pic32mx/lib\libc-musl.a(__pop_float.o)
 .comment       0x000000000000005d       0x2c c:/program files/microchip/xc32/v4.21/bin/bin/../../lib/gcc/pic32mx/8.3.1/../../../../pic32mx/lib\libc-musl.a(stpncpy.o)
 .comment       0x000000000000005d       0x2c c:/program files/microchip/xc32/v4.21/bin/bin/../../lib/gcc/pic32mx/8.3.1/../../../../pic32mx/lib\libc-musl.a(__int_vsnprintf.o)
 .comment       0x000000000000005d       0x2c c:/program files/microchip/xc32/v4.21/bin/bin/../../lib/gcc/pic32mx/8.3.1/../../../../pic32mx/lib\libc-musl.a(__toread.o)
 .comment       0x000000000000005d       0x2c c:/program files/microchip/xc32/v4.21/bin/bin/../../lib/gcc/pic32mx/8.3.1/../../../../pic32mx/lib\libc-musl.a(__stdio_exit.o)
 .comment       0x000000000000005d       0x2c c:/program files/microchip/xc32/v4.21/bin/bin/../../lib/gcc/pic32mx/8.3.1/../../../../pic32mx/lib\libc-musl.a(__int_vfprintf.o)
 .comment       0x000000000000005d       0x2c c:/program files/microchip/xc32/v4.21/bin/bin/../../lib/gcc/pic32mx/8.3.1\libgcc.a(_lshrdi3.o)
 .comment       0x000000000000005d       0x2c c:/program files/microchip/xc32/v4.21/bin/bin/../../lib/gcc/pic32mx/8.3.1\libgcc.a(_ashldi3.o)
 .comment       0x000000000000005d       0x2c c:/program files/microchip/xc32/v4.21/bin/bin/../../lib/gcc/pic32mx/8.3.1\libgcc.a(_umoddi3.o)
 .comment       0x000000000000005d       0x2c c:/program files/microchip/xc32/v4.21/bin/bin/../../lib/gcc/pic32mx/8.3.1/../../../../pic32mx/lib\libpic32.a(errno.o)

.debug
 *.elf(.debug)
 *(.debug)

.line
 *.elf(.line)
 *(.line)

.debug_srcinfo
 *.elf(.debug_srcinfo)
 *(.debug_srcinfo)

.debug_sfnames
 *.elf(.debug_sfnames)
 *(.debug_sfnames)

.debug_aranges  0x0000000000000000      0x628
 *.elf(.debug_aranges)
 *(.debug_aranges)
 .debug_aranges
                0x0000000000000000       0x20 build/default/production/main.o
 .debug_aranges
                0x0000000000000020       0x20 build/default/production/btn.o
 .debug_aranges
                0x0000000000000040       0x20 build/default/production/led.o
 .debug_aranges
                0x0000000000000060       0x20 build/default/production/rgbled.o
 .debug_aranges
                0x0000000000000080       0x20 build/default/production/swt.o
 .debug_aranges
                0x00000000000000a0       0x20 build/default/production/utils.o
 .debug_aranges
                0x00000000000000c0       0x20 build/default/production/lcd.o
 .debug_aranges
                0x00000000000000e0       0x20 build/default/production/ssd.o
 .debug_aranges
                0x0000000000000100       0x20 c:/program files/microchip/xc32/v4.21/bin/bin/../../lib/gcc/pic32mx/8.3.1\libgcc.a(_udivdi3.o)
 .debug_aranges
                0x0000000000000120       0x20 c:/program files/microchip/xc32/v4.21/bin/bin/../../lib/gcc/pic32mx/8.3.1/../../../../pic32mx/lib\libpic32.a(default-bootstrap-exception-handler.o)
 .debug_aranges
                0x0000000000000140       0x20 c:/program files/microchip/xc32/v4.21/bin/bin/../../lib/gcc/pic32mx/8.3.1/../../../../pic32mx/lib\libpic32.a(default-on-reset.o)
 .debug_aranges
                0x0000000000000160       0x20 c:/program files/microchip/xc32/v4.21/bin/bin/../../lib/gcc/pic32mx/8.3.1/../../../../pic32mx/lib\libpic32.a(default-on-bootstrap.o)
 .debug_aranges
                0x0000000000000180       0x20 c:/program files/microchip/xc32/v4.21/bin/bin/../../lib/gcc/pic32mx/8.3.1/../../../../pic32mx/lib\libpic32.a(default-general-exception-handler.o)
 .debug_aranges
                0x00000000000001a0       0x20 c:/program files/microchip/xc32/v4.21/bin/bin/../../lib/gcc/pic32mx/8.3.1/../../../../pic32mx/lib\libpic32.a(defaultinterrupt.o)
 .debug_aranges
                0x00000000000001c0       0x28 c:/program files/microchip/xc32/v4.21/bin/bin/../../lib/gcc/pic32mx/8.3.1/../../../../pic32mx/lib\libc-musl.a(__sio_sprintf_dosux.o)
 .debug_aranges
                0x00000000000001e8       0x28 c:/program files/microchip/xc32/v4.21/bin/bin/../../lib/gcc/pic32mx/8.3.1/../../../../pic32mx/lib\libc-musl.a(__sio_sprintf_doux.o)
 .debug_aranges
                0x0000000000000210       0x20 c:/program files/microchip/xc32/v4.21/bin/bin/../../lib/gcc/pic32mx/8.3.1/../../../../pic32mx/lib\libc-musl.a(__fmt_d.o)
 .debug_aranges
                0x0000000000000230       0x20 c:/program files/microchip/xc32/v4.21/bin/bin/../../lib/gcc/pic32mx/8.3.1/../../../../pic32mx/lib\libc-musl.a(__fmt_o.o)
 .debug_aranges
                0x0000000000000250       0x20 c:/program files/microchip/xc32/v4.21/bin/bin/../../lib/gcc/pic32mx/8.3.1/../../../../pic32mx/lib\libc-musl.a(__fmt_s.o)
 .debug_aranges
                0x0000000000000270       0x28 c:/program files/microchip/xc32/v4.21/bin/bin/../../lib/gcc/pic32mx/8.3.1/../../../../pic32mx/lib\libc-musl.a(__fmt_u.o)
 .debug_aranges
                0x0000000000000298       0x20 c:/program files/microchip/xc32/v4.21/bin/bin/../../lib/gcc/pic32mx/8.3.1/../../../../pic32mx/lib\libc-musl.a(__fmt_x.o)
 .debug_aranges
                0x00000000000002b8       0x20 c:/program files/microchip/xc32/v4.21/bin/bin/../../lib/gcc/pic32mx/8.3.1/../../../../pic32mx/lib\libc-musl.a(__pop_int.o)
 .debug_aranges
                0x00000000000002d8       0x20 c:/program files/microchip/xc32/v4.21/bin/bin/../../lib/gcc/pic32mx/8.3.1/../../../../pic32mx/lib\libc-musl.a(__pop_ptr.o)
 .debug_aranges
                0x00000000000002f8       0x50 c:/program files/microchip/xc32/v4.21/bin/bin/../../lib/gcc/pic32mx/8.3.1/../../../../pic32mx/lib\libc-musl.a(__printf_core.o)
 .debug_aranges
                0x0000000000000348       0x20 c:/program files/microchip/xc32/v4.21/bin/bin/../../lib/gcc/pic32mx/8.3.1/../../../../pic32mx/lib\libc-musl.a(atoi.o)
 .debug_aranges
                0x0000000000000368       0x50 c:/program files/microchip/xc32/v4.21/bin/bin/../../lib/gcc/pic32mx/8.3.1/../../../../pic32mx/lib\libc-musl.a(strtol.o)
 .debug_aranges
                0x00000000000003b8       0x20 c:/program files/microchip/xc32/v4.21/bin/bin/../../lib/gcc/pic32mx/8.3.1/../../../../pic32mx/lib\libc-musl.a(memcpy.o)
 .debug_aranges
                0x00000000000003d8       0x20 c:/program files/microchip/xc32/v4.21/bin/bin/../../lib/gcc/pic32mx/8.3.1/../../../../pic32mx/lib\libc-musl.a(memset.o)
 .debug_aranges
                0x00000000000003f8       0x20 c:/program files/microchip/xc32/v4.21/bin/bin/../../lib/gcc/pic32mx/8.3.1/../../../../pic32mx/lib\libc-musl.a(strncpy.o)
 .debug_aranges
                0x0000000000000418       0x28 c:/program files/microchip/xc32/v4.21/bin/bin/../../lib/gcc/pic32mx/8.3.1/../../../../pic32mx/lib\libc-musl.a(tolower.o)
 .debug_aranges
                0x0000000000000440       0x28 c:/program files/microchip/xc32/v4.21/bin/bin/../../lib/gcc/pic32mx/8.3.1/../../../../pic32mx/lib\libc-musl.a(toupper.o)
 .debug_aranges
                0x0000000000000468       0x20 c:/program files/microchip/xc32/v4.21/bin/bin/../../lib/gcc/pic32mx/8.3.1/../../../../pic32mx/lib\libc-musl.a(intscan.o)
 .debug_aranges
                0x0000000000000488       0x28 c:/program files/microchip/xc32/v4.21/bin/bin/../../lib/gcc/pic32mx/8.3.1/../../../../pic32mx/lib\libc-musl.a(shgetc.o)
 .debug_aranges
                0x00000000000004b0       0x20 c:/program files/microchip/xc32/v4.21/bin/bin/../../lib/gcc/pic32mx/8.3.1/../../../../pic32mx/lib\libc-musl.a(__int_vsprintf.o)
 .debug_aranges
                0x00000000000004d0       0x20 c:/program files/microchip/xc32/v4.21/bin/bin/../../lib/gcc/pic32mx/8.3.1/../../../../pic32mx/lib\libc-musl.a(__uflow.o)
 .debug_aranges
                0x00000000000004f0       0x20 c:/program files/microchip/xc32/v4.21/bin/bin/../../lib/gcc/pic32mx/8.3.1/../../../../pic32mx/lib\libc-musl.a(__pop_float.o)
 .debug_aranges
                0x0000000000000510       0x20 c:/program files/microchip/xc32/v4.21/bin/bin/../../lib/gcc/pic32mx/8.3.1/../../../../pic32mx/lib\libc-musl.a(stpncpy.o)
 .debug_aranges
                0x0000000000000530       0x20 c:/program files/microchip/xc32/v4.21/bin/bin/../../lib/gcc/pic32mx/8.3.1/../../../../pic32mx/lib\libc-musl.a(__int_vsnprintf.o)
 .debug_aranges
                0x0000000000000550       0x28 c:/program files/microchip/xc32/v4.21/bin/bin/../../lib/gcc/pic32mx/8.3.1/../../../../pic32mx/lib\libc-musl.a(__toread.o)
 .debug_aranges
                0x0000000000000578       0x30 c:/program files/microchip/xc32/v4.21/bin/bin/../../lib/gcc/pic32mx/8.3.1/../../../../pic32mx/lib\libc-musl.a(__stdio_exit.o)
 .debug_aranges
                0x00000000000005a8       0x20 c:/program files/microchip/xc32/v4.21/bin/bin/../../lib/gcc/pic32mx/8.3.1/../../../../pic32mx/lib\libc-musl.a(__int_vfprintf.o)
 .debug_aranges
                0x00000000000005c8       0x20 c:/program files/microchip/xc32/v4.21/bin/bin/../../lib/gcc/pic32mx/8.3.1\libgcc.a(_lshrdi3.o)
 .debug_aranges
                0x00000000000005e8       0x20 c:/program files/microchip/xc32/v4.21/bin/bin/../../lib/gcc/pic32mx/8.3.1\libgcc.a(_ashldi3.o)
 .debug_aranges
                0x0000000000000608       0x20 c:/program files/microchip/xc32/v4.21/bin/bin/../../lib/gcc/pic32mx/8.3.1\libgcc.a(_umoddi3.o)

.debug_pubnames
 *.elf(.debug_pubnames)
 *(.debug_pubnames)

.debug_info     0x0000000000000000     0xafa8
 *.elf(.debug_info .gnu.linkonce.wi.*)
 *(.debug_info .gnu.linkonce.wi.*)
 .debug_info    0x0000000000000000      0x769 build/default/production/main.o
 .debug_info    0x0000000000000769      0xabe build/default/production/btn.o
 .debug_info    0x0000000000001227      0x2af build/default/production/led.o
 .debug_info    0x00000000000014d6      0xebc build/default/production/rgbled.o
 .debug_info    0x0000000000002392      0xb56 build/default/production/swt.o
 .debug_info    0x0000000000002ee8       0xa5 build/default/production/utils.o
 .debug_info    0x0000000000002f8d      0xcbd build/default/production/lcd.o
 .debug_info    0x0000000000003c4a     0x1a34 build/default/production/ssd.o
 .debug_info    0x000000000000567e      0x6ca c:/program files/microchip/xc32/v4.21/bin/bin/../../lib/gcc/pic32mx/8.3.1\libgcc.a(_udivdi3.o)
 .debug_info    0x0000000000005d48       0x41 c:/program files/microchip/xc32/v4.21/bin/bin/../../lib/gcc/pic32mx/8.3.1/../../../../pic32mx/lib\libpic32.a(default-bootstrap-exception-handler.o)
 .debug_info    0x0000000000005d89       0x3f c:/program files/microchip/xc32/v4.21/bin/bin/../../lib/gcc/pic32mx/8.3.1/../../../../pic32mx/lib\libpic32.a(default-on-reset.o)
 .debug_info    0x0000000000005dc8       0x3f c:/program files/microchip/xc32/v4.21/bin/bin/../../lib/gcc/pic32mx/8.3.1/../../../../pic32mx/lib\libpic32.a(default-on-bootstrap.o)
 .debug_info    0x0000000000005e07       0x41 c:/program files/microchip/xc32/v4.21/bin/bin/../../lib/gcc/pic32mx/8.3.1/../../../../pic32mx/lib\libpic32.a(default-general-exception-handler.o)
 .debug_info    0x0000000000005e48       0x40 c:/program files/microchip/xc32/v4.21/bin/bin/../../lib/gcc/pic32mx/8.3.1/../../../../pic32mx/lib\libpic32.a(defaultinterrupt.o)
 .debug_info    0x0000000000005e88      0x1e7 c:/program files/microchip/xc32/v4.21/bin/bin/../../lib/gcc/pic32mx/8.3.1/../../../../pic32mx/lib\libc-musl.a(__sio_sprintf_dosux.o)
 .debug_info    0x000000000000606f      0x1e7 c:/program files/microchip/xc32/v4.21/bin/bin/../../lib/gcc/pic32mx/8.3.1/../../../../pic32mx/lib\libc-musl.a(__sio_sprintf_doux.o)
 .debug_info    0x0000000000006256      0x327 c:/program files/microchip/xc32/v4.21/bin/bin/../../lib/gcc/pic32mx/8.3.1/../../../../pic32mx/lib\libc-musl.a(__fmt_d.o)
 .debug_info    0x000000000000657d      0x2f8 c:/program files/microchip/xc32/v4.21/bin/bin/../../lib/gcc/pic32mx/8.3.1/../../../../pic32mx/lib\libc-musl.a(__fmt_o.o)
 .debug_info    0x0000000000006875      0x2a9 c:/program files/microchip/xc32/v4.21/bin/bin/../../lib/gcc/pic32mx/8.3.1/../../../../pic32mx/lib\libc-musl.a(__fmt_s.o)
 .debug_info    0x0000000000006b1e      0x3cb c:/program files/microchip/xc32/v4.21/bin/bin/../../lib/gcc/pic32mx/8.3.1/../../../../pic32mx/lib\libc-musl.a(__fmt_u.o)
 .debug_info    0x0000000000006ee9      0x322 c:/program files/microchip/xc32/v4.21/bin/bin/../../lib/gcc/pic32mx/8.3.1/../../../../pic32mx/lib\libc-musl.a(__fmt_x.o)
 .debug_info    0x000000000000720b      0x14e c:/program files/microchip/xc32/v4.21/bin/bin/../../lib/gcc/pic32mx/8.3.1/../../../../pic32mx/lib\libc-musl.a(__pop_int.o)
 .debug_info    0x0000000000007359      0x15e c:/program files/microchip/xc32/v4.21/bin/bin/../../lib/gcc/pic32mx/8.3.1/../../../../pic32mx/lib\libc-musl.a(__pop_ptr.o)
 .debug_info    0x00000000000074b7      0x9ee c:/program files/microchip/xc32/v4.21/bin/bin/../../lib/gcc/pic32mx/8.3.1/../../../../pic32mx/lib\libc-musl.a(__printf_core.o)
 .debug_info    0x0000000000007ea5       0xee c:/program files/microchip/xc32/v4.21/bin/bin/../../lib/gcc/pic32mx/8.3.1/../../../../pic32mx/lib\libc-musl.a(atoi.o)
 .debug_info    0x0000000000007f93      0x6ec c:/program files/microchip/xc32/v4.21/bin/bin/../../lib/gcc/pic32mx/8.3.1/../../../../pic32mx/lib\libc-musl.a(strtol.o)
 .debug_info    0x000000000000867f       0xf1 c:/program files/microchip/xc32/v4.21/bin/bin/../../lib/gcc/pic32mx/8.3.1/../../../../pic32mx/lib\libc-musl.a(memcpy.o)
 .debug_info    0x0000000000008770       0xba c:/program files/microchip/xc32/v4.21/bin/bin/../../lib/gcc/pic32mx/8.3.1/../../../../pic32mx/lib\libc-musl.a(memset.o)
 .debug_info    0x000000000000882a       0xdc c:/program files/microchip/xc32/v4.21/bin/bin/../../lib/gcc/pic32mx/8.3.1/../../../../pic32mx/lib\libc-musl.a(strncpy.o)
 .debug_info    0x0000000000008906      0x11b c:/program files/microchip/xc32/v4.21/bin/bin/../../lib/gcc/pic32mx/8.3.1/../../../../pic32mx/lib\libc-musl.a(tolower.o)
 .debug_info    0x0000000000008a21      0x11b c:/program files/microchip/xc32/v4.21/bin/bin/../../lib/gcc/pic32mx/8.3.1/../../../../pic32mx/lib\libc-musl.a(toupper.o)
 .debug_info    0x0000000000008b3c      0x588 c:/program files/microchip/xc32/v4.21/bin/bin/../../lib/gcc/pic32mx/8.3.1/../../../../pic32mx/lib\libc-musl.a(intscan.o)
 .debug_info    0x00000000000090c4      0x391 c:/program files/microchip/xc32/v4.21/bin/bin/../../lib/gcc/pic32mx/8.3.1/../../../../pic32mx/lib\libc-musl.a(shgetc.o)
 .debug_info    0x0000000000009455      0x127 c:/program files/microchip/xc32/v4.21/bin/bin/../../lib/gcc/pic32mx/8.3.1/../../../../pic32mx/lib\libc-musl.a(__int_vsprintf.o)
 .debug_info    0x000000000000957c      0x373 c:/program files/microchip/xc32/v4.21/bin/bin/../../lib/gcc/pic32mx/8.3.1/../../../../pic32mx/lib\libc-musl.a(__uflow.o)
 .debug_info    0x00000000000098ef      0x134 c:/program files/microchip/xc32/v4.21/bin/bin/../../lib/gcc/pic32mx/8.3.1/../../../../pic32mx/lib\libc-musl.a(__pop_float.o)
 .debug_info    0x0000000000009a23       0xdf c:/program files/microchip/xc32/v4.21/bin/bin/../../lib/gcc/pic32mx/8.3.1/../../../../pic32mx/lib\libc-musl.a(stpncpy.o)
 .debug_info    0x0000000000009b02      0x1f5 c:/program files/microchip/xc32/v4.21/bin/bin/../../lib/gcc/pic32mx/8.3.1/../../../../pic32mx/lib\libc-musl.a(__int_vsnprintf.o)
 .debug_info    0x0000000000009cf7      0x373 c:/program files/microchip/xc32/v4.21/bin/bin/../../lib/gcc/pic32mx/8.3.1/../../../../pic32mx/lib\libc-musl.a(__toread.o)
 .debug_info    0x000000000000a06a      0x2cc c:/program files/microchip/xc32/v4.21/bin/bin/../../lib/gcc/pic32mx/8.3.1/../../../../pic32mx/lib\libc-musl.a(__stdio_exit.o)
 .debug_info    0x000000000000a336      0x1e0 c:/program files/microchip/xc32/v4.21/bin/bin/../../lib/gcc/pic32mx/8.3.1/../../../../pic32mx/lib\libc-musl.a(__int_vfprintf.o)
 .debug_info    0x000000000000a516      0x1aa c:/program files/microchip/xc32/v4.21/bin/bin/../../lib/gcc/pic32mx/8.3.1\libgcc.a(_lshrdi3.o)
 .debug_info    0x000000000000a6c0      0x1aa c:/program files/microchip/xc32/v4.21/bin/bin/../../lib/gcc/pic32mx/8.3.1\libgcc.a(_ashldi3.o)
 .debug_info    0x000000000000a86a      0x73e c:/program files/microchip/xc32/v4.21/bin/bin/../../lib/gcc/pic32mx/8.3.1\libgcc.a(_umoddi3.o)

.debug_abbrev   0x0000000000000000     0x32e0
 *.elf(.debug_abbrev)
 *(.debug_abbrev)
 .debug_abbrev  0x0000000000000000      0x288 build/default/production/main.o
 .debug_abbrev  0x0000000000000288      0x146 build/default/production/btn.o
 .debug_abbrev  0x00000000000003ce      0x144 build/default/production/led.o
 .debug_abbrev  0x0000000000000512      0x1db build/default/production/rgbled.o
 .debug_abbrev  0x00000000000006ed      0x146 build/default/production/swt.o
 .debug_abbrev  0x0000000000000833       0x66 build/default/production/utils.o
 .debug_abbrev  0x0000000000000899      0x1f4 build/default/production/lcd.o
 .debug_abbrev  0x0000000000000a8d      0x26f build/default/production/ssd.o
 .debug_abbrev  0x0000000000000cfc      0x184 c:/program files/microchip/xc32/v4.21/bin/bin/../../lib/gcc/pic32mx/8.3.1\libgcc.a(_udivdi3.o)
 .debug_abbrev  0x0000000000000e80       0x31 c:/program files/microchip/xc32/v4.21/bin/bin/../../lib/gcc/pic32mx/8.3.1/../../../../pic32mx/lib\libpic32.a(default-bootstrap-exception-handler.o)
 .debug_abbrev  0x0000000000000eb1       0x2e c:/program files/microchip/xc32/v4.21/bin/bin/../../lib/gcc/pic32mx/8.3.1/../../../../pic32mx/lib\libpic32.a(default-on-reset.o)
 .debug_abbrev  0x0000000000000edf       0x2e c:/program files/microchip/xc32/v4.21/bin/bin/../../lib/gcc/pic32mx/8.3.1/../../../../pic32mx/lib\libpic32.a(default-on-bootstrap.o)
 .debug_abbrev  0x0000000000000f0d       0x31 c:/program files/microchip/xc32/v4.21/bin/bin/../../lib/gcc/pic32mx/8.3.1/../../../../pic32mx/lib\libpic32.a(default-general-exception-handler.o)
 .debug_abbrev  0x0000000000000f3e       0x31 c:/program files/microchip/xc32/v4.21/bin/bin/../../lib/gcc/pic32mx/8.3.1/../../../../pic32mx/lib\libpic32.a(defaultinterrupt.o)
 .debug_abbrev  0x0000000000000f6f      0x100 c:/program files/microchip/xc32/v4.21/bin/bin/../../lib/gcc/pic32mx/8.3.1/../../../../pic32mx/lib\libc-musl.a(__sio_sprintf_dosux.o)
 .debug_abbrev  0x000000000000106f      0x100 c:/program files/microchip/xc32/v4.21/bin/bin/../../lib/gcc/pic32mx/8.3.1/../../../../pic32mx/lib\libc-musl.a(__sio_sprintf_doux.o)
 .debug_abbrev  0x000000000000116f      0x161 c:/program files/microchip/xc32/v4.21/bin/bin/../../lib/gcc/pic32mx/8.3.1/../../../../pic32mx/lib\libc-musl.a(__fmt_d.o)
 .debug_abbrev  0x00000000000012d0      0x161 c:/program files/microchip/xc32/v4.21/bin/bin/../../lib/gcc/pic32mx/8.3.1/../../../../pic32mx/lib\libc-musl.a(__fmt_o.o)
 .debug_abbrev  0x0000000000001431      0x14c c:/program files/microchip/xc32/v4.21/bin/bin/../../lib/gcc/pic32mx/8.3.1/../../../../pic32mx/lib\libc-musl.a(__fmt_s.o)
 .debug_abbrev  0x000000000000157d      0x193 c:/program files/microchip/xc32/v4.21/bin/bin/../../lib/gcc/pic32mx/8.3.1/../../../../pic32mx/lib\libc-musl.a(__fmt_u.o)
 .debug_abbrev  0x0000000000001710      0x150 c:/program files/microchip/xc32/v4.21/bin/bin/../../lib/gcc/pic32mx/8.3.1/../../../../pic32mx/lib\libc-musl.a(__fmt_x.o)
 .debug_abbrev  0x0000000000001860       0xc3 c:/program files/microchip/xc32/v4.21/bin/bin/../../lib/gcc/pic32mx/8.3.1/../../../../pic32mx/lib\libc-musl.a(__pop_int.o)
 .debug_abbrev  0x0000000000001923       0xd7 c:/program files/microchip/xc32/v4.21/bin/bin/../../lib/gcc/pic32mx/8.3.1/../../../../pic32mx/lib\libc-musl.a(__pop_ptr.o)
 .debug_abbrev  0x00000000000019fa      0x318 c:/program files/microchip/xc32/v4.21/bin/bin/../../lib/gcc/pic32mx/8.3.1/../../../../pic32mx/lib\libc-musl.a(__printf_core.o)
 .debug_abbrev  0x0000000000001d12       0xc4 c:/program files/microchip/xc32/v4.21/bin/bin/../../lib/gcc/pic32mx/8.3.1/../../../../pic32mx/lib\libc-musl.a(atoi.o)
 .debug_abbrev  0x0000000000001dd6      0x192 c:/program files/microchip/xc32/v4.21/bin/bin/../../lib/gcc/pic32mx/8.3.1/../../../../pic32mx/lib\libc-musl.a(strtol.o)
 .debug_abbrev  0x0000000000001f68       0xbb c:/program files/microchip/xc32/v4.21/bin/bin/../../lib/gcc/pic32mx/8.3.1/../../../../pic32mx/lib\libc-musl.a(memcpy.o)
 .debug_abbrev  0x0000000000002023       0xa2 c:/program files/microchip/xc32/v4.21/bin/bin/../../lib/gcc/pic32mx/8.3.1/../../../../pic32mx/lib\libc-musl.a(memset.o)
 .debug_abbrev  0x00000000000020c5       0x9d c:/program files/microchip/xc32/v4.21/bin/bin/../../lib/gcc/pic32mx/8.3.1/../../../../pic32mx/lib\libc-musl.a(strncpy.o)
 .debug_abbrev  0x0000000000002162       0xf1 c:/program files/microchip/xc32/v4.21/bin/bin/../../lib/gcc/pic32mx/8.3.1/../../../../pic32mx/lib\libc-musl.a(tolower.o)
 .debug_abbrev  0x0000000000002253       0xf1 c:/program files/microchip/xc32/v4.21/bin/bin/../../lib/gcc/pic32mx/8.3.1/../../../../pic32mx/lib\libc-musl.a(toupper.o)
 .debug_abbrev  0x0000000000002344      0x1f6 c:/program files/microchip/xc32/v4.21/bin/bin/../../lib/gcc/pic32mx/8.3.1/../../../../pic32mx/lib\libc-musl.a(intscan.o)
 .debug_abbrev  0x000000000000253a      0x166 c:/program files/microchip/xc32/v4.21/bin/bin/../../lib/gcc/pic32mx/8.3.1/../../../../pic32mx/lib\libc-musl.a(shgetc.o)
 .debug_abbrev  0x00000000000026a0       0xb1 c:/program files/microchip/xc32/v4.21/bin/bin/../../lib/gcc/pic32mx/8.3.1/../../../../pic32mx/lib\libc-musl.a(__int_vsprintf.o)
 .debug_abbrev  0x0000000000002751      0x141 c:/program files/microchip/xc32/v4.21/bin/bin/../../lib/gcc/pic32mx/8.3.1/../../../../pic32mx/lib\libc-musl.a(__uflow.o)
 .debug_abbrev  0x0000000000002892       0xc3 c:/program files/microchip/xc32/v4.21/bin/bin/../../lib/gcc/pic32mx/8.3.1/../../../../pic32mx/lib\libc-musl.a(__pop_float.o)
 .debug_abbrev  0x0000000000002955       0xa5 c:/program files/microchip/xc32/v4.21/bin/bin/../../lib/gcc/pic32mx/8.3.1/../../../../pic32mx/lib\libc-musl.a(stpncpy.o)
 .debug_abbrev  0x00000000000029fa      0x13a c:/program files/microchip/xc32/v4.21/bin/bin/../../lib/gcc/pic32mx/8.3.1/../../../../pic32mx/lib\libc-musl.a(__int_vsnprintf.o)
 .debug_abbrev  0x0000000000002b34      0x148 c:/program files/microchip/xc32/v4.21/bin/bin/../../lib/gcc/pic32mx/8.3.1/../../../../pic32mx/lib\libc-musl.a(__toread.o)
 .debug_abbrev  0x0000000000002c7c      0x170 c:/program files/microchip/xc32/v4.21/bin/bin/../../lib/gcc/pic32mx/8.3.1/../../../../pic32mx/lib\libc-musl.a(__stdio_exit.o)
 .debug_abbrev  0x0000000000002dec      0x118 c:/program files/microchip/xc32/v4.21/bin/bin/../../lib/gcc/pic32mx/8.3.1/../../../../pic32mx/lib\libc-musl.a(__int_vfprintf.o)
 .debug_abbrev  0x0000000000002f04      0x121 c:/program files/microchip/xc32/v4.21/bin/bin/../../lib/gcc/pic32mx/8.3.1\libgcc.a(_lshrdi3.o)
 .debug_abbrev  0x0000000000003025      0x121 c:/program files/microchip/xc32/v4.21/bin/bin/../../lib/gcc/pic32mx/8.3.1\libgcc.a(_ashldi3.o)
 .debug_abbrev  0x0000000000003146      0x19a c:/program files/microchip/xc32/v4.21/bin/bin/../../lib/gcc/pic32mx/8.3.1\libgcc.a(_umoddi3.o)

.debug_line     0x0000000000000000     0x60df
 *.elf(.debug_line)
 *(.debug_line)
 .debug_line    0x0000000000000000      0x90f build/default/production/main.o
 .debug_line    0x000000000000090f      0x1e0 build/default/production/btn.o
 .debug_line    0x0000000000000aef      0x1cd build/default/production/led.o
 .debug_line    0x0000000000000cbc      0x21d build/default/production/rgbled.o
 .debug_line    0x0000000000000ed9      0x203 build/default/production/swt.o
 .debug_line    0x00000000000010dc       0xc8 build/default/production/utils.o
 .debug_line    0x00000000000011a4      0x2b8 build/default/production/lcd.o
 .debug_line    0x000000000000145c      0x2b9 build/default/production/ssd.o
 .debug_line    0x0000000000001715      0x2e0 c:/program files/microchip/xc32/v4.21/bin/bin/../../lib/gcc/pic32mx/8.3.1\libgcc.a(_udivdi3.o)
 .debug_line    0x00000000000019f5       0xca c:/program files/microchip/xc32/v4.21/bin/bin/../../lib/gcc/pic32mx/8.3.1/../../../../pic32mx/lib\libpic32.a(default-bootstrap-exception-handler.o)
 .debug_line    0x0000000000001abf       0xa6 c:/program files/microchip/xc32/v4.21/bin/bin/../../lib/gcc/pic32mx/8.3.1/../../../../pic32mx/lib\libpic32.a(default-on-reset.o)
 .debug_line    0x0000000000001b65       0xaa c:/program files/microchip/xc32/v4.21/bin/bin/../../lib/gcc/pic32mx/8.3.1/../../../../pic32mx/lib\libpic32.a(default-on-bootstrap.o)
 .debug_line    0x0000000000001c0f       0xc8 c:/program files/microchip/xc32/v4.21/bin/bin/../../lib/gcc/pic32mx/8.3.1/../../../../pic32mx/lib\libpic32.a(default-general-exception-handler.o)
 .debug_line    0x0000000000001cd7       0xc9 c:/program files/microchip/xc32/v4.21/bin/bin/../../lib/gcc/pic32mx/8.3.1/../../../../pic32mx/lib\libpic32.a(defaultinterrupt.o)
 .debug_line    0x0000000000001da0      0x1f7 c:/program files/microchip/xc32/v4.21/bin/bin/../../lib/gcc/pic32mx/8.3.1/../../../../pic32mx/lib\libc-musl.a(__sio_sprintf_dosux.o)
 .debug_line    0x0000000000001f97      0x1f6 c:/program files/microchip/xc32/v4.21/bin/bin/../../lib/gcc/pic32mx/8.3.1/../../../../pic32mx/lib\libc-musl.a(__sio_sprintf_doux.o)
 .debug_line    0x000000000000218d      0x258 c:/program files/microchip/xc32/v4.21/bin/bin/../../lib/gcc/pic32mx/8.3.1/../../../../pic32mx/lib\libc-musl.a(__fmt_d.o)
 .debug_line    0x00000000000023e5      0x209 c:/program files/microchip/xc32/v4.21/bin/bin/../../lib/gcc/pic32mx/8.3.1/../../../../pic32mx/lib\libc-musl.a(__fmt_o.o)
 .debug_line    0x00000000000025ee      0x257 c:/program files/microchip/xc32/v4.21/bin/bin/../../lib/gcc/pic32mx/8.3.1/../../../../pic32mx/lib\libc-musl.a(__fmt_s.o)
 .debug_line    0x0000000000002845      0x29d c:/program files/microchip/xc32/v4.21/bin/bin/../../lib/gcc/pic32mx/8.3.1/../../../../pic32mx/lib\libc-musl.a(__fmt_u.o)
 .debug_line    0x0000000000002ae2      0x332 c:/program files/microchip/xc32/v4.21/bin/bin/../../lib/gcc/pic32mx/8.3.1/../../../../pic32mx/lib\libc-musl.a(__fmt_x.o)
 .debug_line    0x0000000000002e14      0x254 c:/program files/microchip/xc32/v4.21/bin/bin/../../lib/gcc/pic32mx/8.3.1/../../../../pic32mx/lib\libc-musl.a(__pop_int.o)
 .debug_line    0x0000000000003068      0x20d c:/program files/microchip/xc32/v4.21/bin/bin/../../lib/gcc/pic32mx/8.3.1/../../../../pic32mx/lib\libc-musl.a(__pop_ptr.o)
 .debug_line    0x0000000000003275      0x714 c:/program files/microchip/xc32/v4.21/bin/bin/../../lib/gcc/pic32mx/8.3.1/../../../../pic32mx/lib\libc-musl.a(__printf_core.o)
 .debug_line    0x0000000000003989      0x17c c:/program files/microchip/xc32/v4.21/bin/bin/../../lib/gcc/pic32mx/8.3.1/../../../../pic32mx/lib\libc-musl.a(atoi.o)
 .debug_line    0x0000000000003b05      0x348 c:/program files/microchip/xc32/v4.21/bin/bin/../../lib/gcc/pic32mx/8.3.1/../../../../pic32mx/lib\libc-musl.a(strtol.o)
 .debug_line    0x0000000000003e4d      0x13a c:/program files/microchip/xc32/v4.21/bin/bin/../../lib/gcc/pic32mx/8.3.1/../../../../pic32mx/lib\libc-musl.a(memcpy.o)
 .debug_line    0x0000000000003f87      0x131 c:/program files/microchip/xc32/v4.21/bin/bin/../../lib/gcc/pic32mx/8.3.1/../../../../pic32mx/lib\libc-musl.a(memset.o)
 .debug_line    0x00000000000040b8      0x123 c:/program files/microchip/xc32/v4.21/bin/bin/../../lib/gcc/pic32mx/8.3.1/../../../../pic32mx/lib\libc-musl.a(strncpy.o)
 .debug_line    0x00000000000041db      0x1bb c:/program files/microchip/xc32/v4.21/bin/bin/../../lib/gcc/pic32mx/8.3.1/../../../../pic32mx/lib\libc-musl.a(tolower.o)
 .debug_line    0x0000000000004396      0x1bb c:/program files/microchip/xc32/v4.21/bin/bin/../../lib/gcc/pic32mx/8.3.1/../../../../pic32mx/lib\libc-musl.a(toupper.o)
 .debug_line    0x0000000000004551      0x509 c:/program files/microchip/xc32/v4.21/bin/bin/../../lib/gcc/pic32mx/8.3.1/../../../../pic32mx/lib\libc-musl.a(intscan.o)
 .debug_line    0x0000000000004a5a      0x24c c:/program files/microchip/xc32/v4.21/bin/bin/../../lib/gcc/pic32mx/8.3.1/../../../../pic32mx/lib\libc-musl.a(shgetc.o)
 .debug_line    0x0000000000004ca6      0x1a5 c:/program files/microchip/xc32/v4.21/bin/bin/../../lib/gcc/pic32mx/8.3.1/../../../../pic32mx/lib\libc-musl.a(__int_vsprintf.o)
 .debug_line    0x0000000000004e4b      0x227 c:/program files/microchip/xc32/v4.21/bin/bin/../../lib/gcc/pic32mx/8.3.1/../../../../pic32mx/lib\libc-musl.a(__uflow.o)
 .debug_line    0x0000000000005072      0x1b5 c:/program files/microchip/xc32/v4.21/bin/bin/../../lib/gcc/pic32mx/8.3.1/../../../../pic32mx/lib\libc-musl.a(__pop_float.o)
 .debug_line    0x0000000000005227      0x150 c:/program files/microchip/xc32/v4.21/bin/bin/../../lib/gcc/pic32mx/8.3.1/../../../../pic32mx/lib\libc-musl.a(stpncpy.o)
 .debug_line    0x0000000000005377      0x26c c:/program files/microchip/xc32/v4.21/bin/bin/../../lib/gcc/pic32mx/8.3.1/../../../../pic32mx/lib\libc-musl.a(__int_vsnprintf.o)
 .debug_line    0x00000000000055e3      0x281 c:/program files/microchip/xc32/v4.21/bin/bin/../../lib/gcc/pic32mx/8.3.1/../../../../pic32mx/lib\libc-musl.a(__toread.o)
 .debug_line    0x0000000000005864      0x1d8 c:/program files/microchip/xc32/v4.21/bin/bin/../../lib/gcc/pic32mx/8.3.1/../../../../pic32mx/lib\libc-musl.a(__stdio_exit.o)
 .debug_line    0x0000000000005a3c      0x1c3 c:/program files/microchip/xc32/v4.21/bin/bin/../../lib/gcc/pic32mx/8.3.1/../../../../pic32mx/lib\libc-musl.a(__int_vfprintf.o)
 .debug_line    0x0000000000005bff       0xe4 c:/program files/microchip/xc32/v4.21/bin/bin/../../lib/gcc/pic32mx/8.3.1\libgcc.a(_lshrdi3.o)
 .debug_line    0x0000000000005ce3       0xe5 c:/program files/microchip/xc32/v4.21/bin/bin/../../lib/gcc/pic32mx/8.3.1\libgcc.a(_ashldi3.o)
 .debug_line    0x0000000000005dc8      0x317 c:/program files/microchip/xc32/v4.21/bin/bin/../../lib/gcc/pic32mx/8.3.1\libgcc.a(_umoddi3.o)
 .debug_line    0x00000000000060df        0x0 c:/program files/microchip/xc32/v4.21/bin/bin/../../lib/gcc/pic32mx/8.3.1/../../../../pic32mx/lib\libpic32.a(errno.o)

.debug_frame    0x0000000000000000     0x10b0
 *.elf(.debug_frame)
 *(.debug_frame)
 .debug_frame   0x0000000000000000      0x1f8 build/default/production/main.o
 .debug_frame   0x00000000000001f8       0x9c build/default/production/btn.o
 .debug_frame   0x0000000000000294       0xb8 build/default/production/led.o
 .debug_frame   0x000000000000034c      0x114 build/default/production/rgbled.o
 .debug_frame   0x0000000000000460       0x9c build/default/production/swt.o
 .debug_frame   0x00000000000004fc       0x30 build/default/production/utils.o
 .debug_frame   0x000000000000052c      0x24c build/default/production/lcd.o
 .debug_frame   0x0000000000000778      0x134 build/default/production/ssd.o
 .debug_frame   0x00000000000008ac       0x20 c:/program files/microchip/xc32/v4.21/bin/bin/../../lib/gcc/pic32mx/8.3.1\libgcc.a(_udivdi3.o)
 .debug_frame   0x00000000000008cc       0x2c c:/program files/microchip/xc32/v4.21/bin/bin/../../lib/gcc/pic32mx/8.3.1/../../../../pic32mx/lib\libpic32.a(default-bootstrap-exception-handler.o)
 .debug_frame   0x00000000000008f8       0x20 c:/program files/microchip/xc32/v4.21/bin/bin/../../lib/gcc/pic32mx/8.3.1/../../../../pic32mx/lib\libpic32.a(default-on-reset.o)
 .debug_frame   0x0000000000000918       0x20 c:/program files/microchip/xc32/v4.21/bin/bin/../../lib/gcc/pic32mx/8.3.1/../../../../pic32mx/lib\libpic32.a(default-on-bootstrap.o)
 .debug_frame   0x0000000000000938       0x2c c:/program files/microchip/xc32/v4.21/bin/bin/../../lib/gcc/pic32mx/8.3.1/../../../../pic32mx/lib\libpic32.a(default-general-exception-handler.o)
 .debug_frame   0x0000000000000964       0x20 c:/program files/microchip/xc32/v4.21/bin/bin/../../lib/gcc/pic32mx/8.3.1/../../../../pic32mx/lib\libpic32.a(defaultinterrupt.o)
 .debug_frame   0x0000000000000984       0x48 c:/program files/microchip/xc32/v4.21/bin/bin/../../lib/gcc/pic32mx/8.3.1/../../../../pic32mx/lib\libc-musl.a(__sio_sprintf_dosux.o)
 .debug_frame   0x00000000000009cc       0x48 c:/program files/microchip/xc32/v4.21/bin/bin/../../lib/gcc/pic32mx/8.3.1/../../../../pic32mx/lib\libc-musl.a(__sio_sprintf_doux.o)
 .debug_frame   0x0000000000000a14       0x38 c:/program files/microchip/xc32/v4.21/bin/bin/../../lib/gcc/pic32mx/8.3.1/../../../../pic32mx/lib\libc-musl.a(__fmt_d.o)
 .debug_frame   0x0000000000000a4c       0x34 c:/program files/microchip/xc32/v4.21/bin/bin/../../lib/gcc/pic32mx/8.3.1/../../../../pic32mx/lib\libc-musl.a(__fmt_o.o)
 .debug_frame   0x0000000000000a80       0x34 c:/program files/microchip/xc32/v4.21/bin/bin/../../lib/gcc/pic32mx/8.3.1/../../../../pic32mx/lib\libc-musl.a(__fmt_s.o)
 .debug_frame   0x0000000000000ab4       0x64 c:/program files/microchip/xc32/v4.21/bin/bin/../../lib/gcc/pic32mx/8.3.1/../../../../pic32mx/lib\libc-musl.a(__fmt_u.o)
 .debug_frame   0x0000000000000b18       0x40 c:/program files/microchip/xc32/v4.21/bin/bin/../../lib/gcc/pic32mx/8.3.1/../../../../pic32mx/lib\libc-musl.a(__fmt_x.o)
 .debug_frame   0x0000000000000b58       0x20 c:/program files/microchip/xc32/v4.21/bin/bin/../../lib/gcc/pic32mx/8.3.1/../../../../pic32mx/lib\libc-musl.a(__pop_int.o)
 .debug_frame   0x0000000000000b78       0x20 c:/program files/microchip/xc32/v4.21/bin/bin/../../lib/gcc/pic32mx/8.3.1/../../../../pic32mx/lib\libc-musl.a(__pop_ptr.o)
 .debug_frame   0x0000000000000b98       0xcc c:/program files/microchip/xc32/v4.21/bin/bin/../../lib/gcc/pic32mx/8.3.1/../../../../pic32mx/lib\libc-musl.a(__printf_core.o)
 .debug_frame   0x0000000000000c64       0x20 c:/program files/microchip/xc32/v4.21/bin/bin/../../lib/gcc/pic32mx/8.3.1/../../../../pic32mx/lib\libc-musl.a(atoi.o)
 .debug_frame   0x0000000000000c84       0xdc c:/program files/microchip/xc32/v4.21/bin/bin/../../lib/gcc/pic32mx/8.3.1/../../../../pic32mx/lib\libc-musl.a(strtol.o)
 .debug_frame   0x0000000000000d60       0x20 c:/program files/microchip/xc32/v4.21/bin/bin/../../lib/gcc/pic32mx/8.3.1/../../../../pic32mx/lib\libc-musl.a(memcpy.o)
 .debug_frame   0x0000000000000d80       0x20 c:/program files/microchip/xc32/v4.21/bin/bin/../../lib/gcc/pic32mx/8.3.1/../../../../pic32mx/lib\libc-musl.a(memset.o)
 .debug_frame   0x0000000000000da0       0x2c c:/program files/microchip/xc32/v4.21/bin/bin/../../lib/gcc/pic32mx/8.3.1/../../../../pic32mx/lib\libc-musl.a(strncpy.o)
 .debug_frame   0x0000000000000dcc       0x3c c:/program files/microchip/xc32/v4.21/bin/bin/../../lib/gcc/pic32mx/8.3.1/../../../../pic32mx/lib\libc-musl.a(tolower.o)
 .debug_frame   0x0000000000000e08       0x3c c:/program files/microchip/xc32/v4.21/bin/bin/../../lib/gcc/pic32mx/8.3.1/../../../../pic32mx/lib\libc-musl.a(toupper.o)
 .debug_frame   0x0000000000000e44       0x40 c:/program files/microchip/xc32/v4.21/bin/bin/../../lib/gcc/pic32mx/8.3.1/../../../../pic32mx/lib\libc-musl.a(intscan.o)
 .debug_frame   0x0000000000000e84       0x40 c:/program files/microchip/xc32/v4.21/bin/bin/../../lib/gcc/pic32mx/8.3.1/../../../../pic32mx/lib\libc-musl.a(shgetc.o)
 .debug_frame   0x0000000000000ec4       0x2c c:/program files/microchip/xc32/v4.21/bin/bin/../../lib/gcc/pic32mx/8.3.1/../../../../pic32mx/lib\libc-musl.a(__int_vsprintf.o)
 .debug_frame   0x0000000000000ef0       0x30 c:/program files/microchip/xc32/v4.21/bin/bin/../../lib/gcc/pic32mx/8.3.1/../../../../pic32mx/lib\libc-musl.a(__uflow.o)
 .debug_frame   0x0000000000000f20       0x20 c:/program files/microchip/xc32/v4.21/bin/bin/../../lib/gcc/pic32mx/8.3.1/../../../../pic32mx/lib\libc-musl.a(__pop_float.o)
 .debug_frame   0x0000000000000f40       0x20 c:/program files/microchip/xc32/v4.21/bin/bin/../../lib/gcc/pic32mx/8.3.1/../../../../pic32mx/lib\libc-musl.a(stpncpy.o)
 .debug_frame   0x0000000000000f60       0x2c c:/program files/microchip/xc32/v4.21/bin/bin/../../lib/gcc/pic32mx/8.3.1/../../../../pic32mx/lib\libc-musl.a(__int_vsnprintf.o)
 .debug_frame   0x0000000000000f8c       0x4c c:/program files/microchip/xc32/v4.21/bin/bin/../../lib/gcc/pic32mx/8.3.1/../../../../pic32mx/lib\libc-musl.a(__toread.o)
 .debug_frame   0x0000000000000fd8       0x4c c:/program files/microchip/xc32/v4.21/bin/bin/../../lib/gcc/pic32mx/8.3.1/../../../../pic32mx/lib\libc-musl.a(__stdio_exit.o)
 .debug_frame   0x0000000000001024       0x2c c:/program files/microchip/xc32/v4.21/bin/bin/../../lib/gcc/pic32mx/8.3.1/../../../../pic32mx/lib\libc-musl.a(__int_vfprintf.o)
 .debug_frame   0x0000000000001050       0x20 c:/program files/microchip/xc32/v4.21/bin/bin/../../lib/gcc/pic32mx/8.3.1\libgcc.a(_lshrdi3.o)
 .debug_frame   0x0000000000001070       0x20 c:/program files/microchip/xc32/v4.21/bin/bin/../../lib/gcc/pic32mx/8.3.1\libgcc.a(_ashldi3.o)
 .debug_frame   0x0000000000001090       0x20 c:/program files/microchip/xc32/v4.21/bin/bin/../../lib/gcc/pic32mx/8.3.1\libgcc.a(_umoddi3.o)

.debug_str      0x0000000000000000     0xba4e
 *.elf(.debug_str)
 *(.debug_str)
 .debug_str     0x0000000000000000      0x587 build/default/production/main.o
 .debug_str     0x0000000000000587      0x59a build/default/production/btn.o
 .debug_str     0x0000000000000b21      0x396 build/default/production/led.o
 .debug_str     0x0000000000000eb7      0x782 build/default/production/rgbled.o
 .debug_str     0x0000000000001639      0x5c8 build/default/production/swt.o
 .debug_str     0x0000000000001c01      0x2de build/default/production/utils.o
 .debug_str     0x0000000000001edf      0x765 build/default/production/lcd.o
 .debug_str     0x0000000000002644      0xb05 build/default/production/ssd.o
 .debug_str     0x0000000000003149      0x3be c:/program files/microchip/xc32/v4.21/bin/bin/../../lib/gcc/pic32mx/8.3.1\libgcc.a(_udivdi3.o)
 .debug_str     0x0000000000003507      0x373 c:/program files/microchip/xc32/v4.21/bin/bin/../../lib/gcc/pic32mx/8.3.1/../../../../pic32mx/lib\libpic32.a(default-bootstrap-exception-handler.o)
 .debug_str     0x000000000000387a      0x34d c:/program files/microchip/xc32/v4.21/bin/bin/../../lib/gcc/pic32mx/8.3.1/../../../../pic32mx/lib\libpic32.a(default-on-reset.o)
 .debug_str     0x0000000000003bc7      0x355 c:/program files/microchip/xc32/v4.21/bin/bin/../../lib/gcc/pic32mx/8.3.1/../../../../pic32mx/lib\libpic32.a(default-on-bootstrap.o)
 .debug_str     0x0000000000003f1c      0x36f c:/program files/microchip/xc32/v4.21/bin/bin/../../lib/gcc/pic32mx/8.3.1/../../../../pic32mx/lib\libpic32.a(default-general-exception-handler.o)
 .debug_str     0x000000000000428b      0x367 c:/program files/microchip/xc32/v4.21/bin/bin/../../lib/gcc/pic32mx/8.3.1/../../../../pic32mx/lib\libpic32.a(defaultinterrupt.o)
 .debug_str     0x00000000000045f2      0x41e c:/program files/microchip/xc32/v4.21/bin/bin/../../lib/gcc/pic32mx/8.3.1/../../../../pic32mx/lib\libc-musl.a(__sio_sprintf_dosux.o)
 .debug_str     0x0000000000004a10      0x41c c:/program files/microchip/xc32/v4.21/bin/bin/../../lib/gcc/pic32mx/8.3.1/../../../../pic32mx/lib\libc-musl.a(__sio_sprintf_doux.o)
 .debug_str     0x0000000000004e2c      0x3e1 c:/program files/microchip/xc32/v4.21/bin/bin/../../lib/gcc/pic32mx/8.3.1/../../../../pic32mx/lib\libc-musl.a(__fmt_d.o)
 .debug_str     0x000000000000520d      0x3e1 c:/program files/microchip/xc32/v4.21/bin/bin/../../lib/gcc/pic32mx/8.3.1/../../../../pic32mx/lib\libc-musl.a(__fmt_o.o)
 .debug_str     0x00000000000055ee      0x3cd c:/program files/microchip/xc32/v4.21/bin/bin/../../lib/gcc/pic32mx/8.3.1/../../../../pic32mx/lib\libc-musl.a(__fmt_s.o)
 .debug_str     0x00000000000059bb      0x3e6 c:/program files/microchip/xc32/v4.21/bin/bin/../../lib/gcc/pic32mx/8.3.1/../../../../pic32mx/lib\libc-musl.a(__fmt_u.o)
 .debug_str     0x0000000000005da1      0x3e1 c:/program files/microchip/xc32/v4.21/bin/bin/../../lib/gcc/pic32mx/8.3.1/../../../../pic32mx/lib\libc-musl.a(__fmt_x.o)
 .debug_str     0x0000000000006182      0x3ba c:/program files/microchip/xc32/v4.21/bin/bin/../../lib/gcc/pic32mx/8.3.1/../../../../pic32mx/lib\libc-musl.a(__pop_int.o)
 .debug_str     0x000000000000653c      0x3bc c:/program files/microchip/xc32/v4.21/bin/bin/../../lib/gcc/pic32mx/8.3.1/../../../../pic32mx/lib\libc-musl.a(__pop_ptr.o)
 .debug_str     0x00000000000068f8      0x4c9 c:/program files/microchip/xc32/v4.21/bin/bin/../../lib/gcc/pic32mx/8.3.1/../../../../pic32mx/lib\libc-musl.a(__printf_core.o)
 .debug_str     0x0000000000006dc1      0x31a c:/program files/microchip/xc32/v4.21/bin/bin/../../lib/gcc/pic32mx/8.3.1/../../../../pic32mx/lib\libc-musl.a(atoi.o)
 .debug_str     0x00000000000070db      0x48e c:/program files/microchip/xc32/v4.21/bin/bin/../../lib/gcc/pic32mx/8.3.1/../../../../pic32mx/lib\libc-musl.a(strtol.o)
 .debug_str     0x0000000000007569      0x31f c:/program files/microchip/xc32/v4.21/bin/bin/../../lib/gcc/pic32mx/8.3.1/../../../../pic32mx/lib\libc-musl.a(memcpy.o)
 .debug_str     0x0000000000007888      0x30b c:/program files/microchip/xc32/v4.21/bin/bin/../../lib/gcc/pic32mx/8.3.1/../../../../pic32mx/lib\libc-musl.a(memset.o)
 .debug_str     0x0000000000007b93      0x310 c:/program files/microchip/xc32/v4.21/bin/bin/../../lib/gcc/pic32mx/8.3.1/../../../../pic32mx/lib\libc-musl.a(strncpy.o)
 .debug_str     0x0000000000007ea3      0x347 c:/program files/microchip/xc32/v4.21/bin/bin/../../lib/gcc/pic32mx/8.3.1/../../../../pic32mx/lib\libc-musl.a(tolower.o)
 .debug_str     0x00000000000081ea      0x347 c:/program files/microchip/xc32/v4.21/bin/bin/../../lib/gcc/pic32mx/8.3.1/../../../../pic32mx/lib\libc-musl.a(toupper.o)
 .debug_str     0x0000000000008531      0x450 c:/program files/microchip/xc32/v4.21/bin/bin/../../lib/gcc/pic32mx/8.3.1/../../../../pic32mx/lib\libc-musl.a(intscan.o)
 .debug_str     0x0000000000008981      0x42d c:/program files/microchip/xc32/v4.21/bin/bin/../../lib/gcc/pic32mx/8.3.1/../../../../pic32mx/lib\libc-musl.a(shgetc.o)
 .debug_str     0x0000000000008dae      0x395 c:/program files/microchip/xc32/v4.21/bin/bin/../../lib/gcc/pic32mx/8.3.1/../../../../pic32mx/lib\libc-musl.a(__int_vsprintf.o)
 .debug_str     0x0000000000009143      0x423 c:/program files/microchip/xc32/v4.21/bin/bin/../../lib/gcc/pic32mx/8.3.1/../../../../pic32mx/lib\libc-musl.a(__uflow.o)
 .debug_str     0x0000000000009566      0x3af c:/program files/microchip/xc32/v4.21/bin/bin/../../lib/gcc/pic32mx/8.3.1/../../../../pic32mx/lib\libc-musl.a(__pop_float.o)
 .debug_str     0x0000000000009915      0x32a c:/program files/microchip/xc32/v4.21/bin/bin/../../lib/gcc/pic32mx/8.3.1/../../../../pic32mx/lib\libc-musl.a(stpncpy.o)
 .debug_str     0x0000000000009c3f      0x3dd c:/program files/microchip/xc32/v4.21/bin/bin/../../lib/gcc/pic32mx/8.3.1/../../../../pic32mx/lib\libc-musl.a(__int_vsnprintf.o)
 .debug_str     0x000000000000a01c      0x44a c:/program files/microchip/xc32/v4.21/bin/bin/../../lib/gcc/pic32mx/8.3.1/../../../../pic32mx/lib\libc-musl.a(__toread.o)
 .debug_str     0x000000000000a466      0x418 c:/program files/microchip/xc32/v4.21/bin/bin/../../lib/gcc/pic32mx/8.3.1/../../../../pic32mx/lib\libc-musl.a(__stdio_exit.o)
 .debug_str     0x000000000000a87e      0x3d8 c:/program files/microchip/xc32/v4.21/bin/bin/../../lib/gcc/pic32mx/8.3.1/../../../../pic32mx/lib\libc-musl.a(__int_vfprintf.o)